MPLINK 4.48, Linker
Linker Map File - Created Sat Aug 01 10:34:06 2015

                                 Section Info
                  Section       Type    Address   Location Size(Bytes)
                ---------  ---------  ---------  ---------  ---------
               _entry_scn       code   0x000000    program   0x000006
           .romdata_app.o    romdata   0x000006    program   0x000002
              high_vector       code   0x000008    program   0x00000a
         .code_busy_eep.o       code   0x000012    program   0x000006
               low_vector       code   0x000018    program   0x000014
                   .cinit    romdata   0x00002c    program   0x000086
              .code_app.o       code   0x0000b2    program   0x002354
               .code_UI.o       code   0x002406    program   0x000f56
             .code_uart.o       code   0x00335c    program   0x0005c0
    .code_communication.o       code   0x00391c    program   0x0004b0
              .code_lcd.o       code   0x003dcc    program   0x00045e
           .code_keypad.o       code   0x00422a    program   0x0002a2
                      ISR       code   0x0044cc    program   0x0001de
                   STRING       code   0x0046aa    program   0x0000d2
             .code_main.o       code   0x00477c    program   0x0000b8
            .code_timer.o       code   0x004834    program   0x0000a8
               _cinit_scn       code   0x0048dc    program   0x00009e
                     PROG       code   0x00497a    program   0x000088
          .code_write_B.o       code   0x004a02    program   0x000078
           .code_u2open.o       code   0x004a7a    program   0x000078
           .code_u1open.o       code   0x004af2    program   0x000072
           .code_read_B.o       code   0x004b64    program   0x00005c
            .romdata_UI.o    romdata   0x004bc0    program   0x000050
            .code_board.o       code   0x004c10    program   0x000044
             .stringtable    romdata   0x004c54    program   0x000040
           .code_u2read.o       code   0x004c94    program   0x00003e
           .code_u1read.o       code   0x004cd2    program   0x00003e
          .code_t0write.o       code   0x004d10    program   0x000038
           .code_t0open.o       code   0x004d48    program   0x000038
         .code_fxd1616u.o       code   0x004d80    program   0x00002c
              D1KTCYXCODE       code   0x004dac    program   0x000020
                    .code       code   0x004dcc    program   0x000020
        .code_heartBeat.o       code   0x004dec    program   0x00001e
             _startup_scn       code   0x004e0a    program   0x00001c
              D10TCYXCODE       code   0x004e26    program   0x000016
           .romdata_lcd.o    romdata   0x004e3c    program   0x000011
       .romdata_t0write.o    romdata   0x004e4d    program   0x000000
       .idata_write_B.o_i    romdata   0x004e4d    program   0x000000
.idata_interruptvector.o_i    romdata   0x004e4d    program   0x000000
        .romdata_u1read.o    romdata   0x004e4d    program   0x000000
       .romdata_write_B.o    romdata   0x004e4d    program   0x000000
        .idata_read_B.o_i    romdata   0x004e4d    program   0x000000
      .romdata_busy_eep.o    romdata   0x004e4d    program   0x000000
         .romdata_c018i.o    romdata   0x004e4d    program   0x000000
        .idata_u1read.o_i    romdata   0x004e4d    program   0x000000
          .romdata_main.o    romdata   0x004e4d    program   0x000000
          .idata_main.o_i    romdata   0x004e4d    program   0x000000
.romdata_interruptvector.o    romdata   0x004e4d    program   0x000000
      .romdata_fxd1616u.o    romdata   0x004e4d    program   0x000000
        .romdata_t0open.o    romdata   0x004e4d    program   0x000000
        .idata_u1open.o_i    romdata   0x004e4d    program   0x000000
        .romdata_u1open.o    romdata   0x004e4d    program   0x000000
 .romdata_communication.o    romdata   0x004e4d    program   0x000000
        .idata_u2open.o_i    romdata   0x004e4d    program   0x000000
        .romdata_u2open.o    romdata   0x004e4d    program   0x000000
        .romdata___init.o    romdata   0x004e4d    program   0x000000
        .idata_t0open.o_i    romdata   0x004e4d    program   0x000000
          .idata_uart.o_i    romdata   0x004e4d    program   0x000000
          .romdata_uart.o    romdata   0x004e4d    program   0x000000
         .romdata_timer.o    romdata   0x004e4d    program   0x000000
        .idata_keypad.o_i    romdata   0x004e4d    program   0x000000
        .romdata_keypad.o    romdata   0x004e4d    program   0x000000
         .romdata_board.o    romdata   0x004e4d    program   0x000000
        .romdata_u2read.o    romdata   0x004e4d    program   0x000000
     .idata_heartBeat.o_i    romdata   0x004e4d    program   0x000001
     .romdata_heartBeat.o    romdata   0x004e4d    program   0x000000
         .idata_timer.o_i    romdata   0x004e4d    program   0x000000
           .idata_lcd.o_i    romdata   0x004e4d    program   0x000000
        .idata_u1defs.o_i    romdata   0x004e4d    program   0x000000
        .idata_u2read.o_i    romdata   0x004e4d    program   0x000000
        .romdata_u1defs.o    romdata   0x004e4d    program   0x000000
        .idata_u2defs.o_i    romdata   0x004e4d    program   0x000000
        .romdata_u2defs.o    romdata   0x004e4d    program   0x000000
       .idata_t0write.o_i    romdata   0x004e4d    program   0x000000
        .romdata_read_B.o    romdata   0x004e4d    program   0x000000
           .code___init.o       code   0x004e4e    program   0x000002
                UI_DATA_i    romdata   0x004e50    program   0x00008b
              UART_DATA_i    romdata   0x004edb    program   0x000086
             TIMER_DATA_i    romdata   0x004f61    program   0x00001e
               LOG_DATA_i    romdata   0x004f7f    program   0x0001c5
               LCD_DATA_i    romdata   0x005144    program   0x000022
            KEYPAD_DATA_i    romdata   0x005166    program   0x000049
               COM_DATA_i    romdata   0x0051af    program   0x000094
               APP_DATA_i    romdata   0x005243    program   0x0002c3
 .idata_communication.o_i    romdata   0x005506    program   0x000002
      .idata_fxd1616u.o_i    romdata   0x005506    program   0x000000
        .idata___init.o_i    romdata   0x005508    program   0x000000
         .idata_c018i.o_i    romdata   0x005508    program   0x000000
         .idata_board.o_i    romdata   0x005508    program   0x000000
      .idata_busy_eep.o_i    romdata   0x005508    program   0x000000
           .idata_app.o_i    romdata   0x005508    program   0x000000
            .idata_UI.o_i    romdata   0x005508    program   0x0000ac
           .code_u1defs.o       code   0x0055b4    program   0x000000
           .code_u2defs.o       code   0x0055b4    program   0x000000
  .code_interruptvector.o       code   0x0055b4    program   0x000000
            .code_c018i.o       code   0x0055b4    program   0x000000
    .config_300001_main.o    romdata   0x300001    program   0x000001
    .config_300002_main.o    romdata   0x300002    program   0x000001
    .config_300003_main.o    romdata   0x300003    program   0x000001
    .config_300005_main.o    romdata   0x300005    program   0x000001
    .config_300006_main.o    romdata   0x300006    program   0x000001
    .config_300008_main.o    romdata   0x300008    program   0x000001
    .config_300009_main.o    romdata   0x300009    program   0x000001
    .config_30000a_main.o    romdata   0x30000a    program   0x000001
    .config_30000b_main.o    romdata   0x30000b    program   0x000001
    .config_30000c_main.o    romdata   0x30000c    program   0x000001
    .config_30000d_main.o    romdata   0x30000d    program   0x000001
                MATH_DATA      udata   0x000000       data   0x000014
                 .tmpdata      udata   0x000014       data   0x000008
                DELAYDAT1      udata   0x00001c       data   0x000001
                   .stack      udata   0x000060       data   0x0000a0
                 APP_DATA      idata   0x000100       data   0x0002c3
                 LOG_DATA      idata   0x000600       data   0x0001c5
                 COM_DATA      idata   0x000900       data   0x000094
                UART_DATA      idata   0x000b00       data   0x000086
                  UI_DATA      idata   0x000d00       data   0x00008b
              KEYPAD_DATA      idata   0x000d8b       data   0x000049
               TIMER_DATA      idata   0x000e00       data   0x00001e
                 LCD_DATA      idata   0x000e1e       data   0x000022
              .idata_UI.o      idata   0x000e40       data   0x0000ac
           .udata_c018i.o      udata   0x000eec       data   0x00000a
   .idata_communication.o      idata   0x000ef6       data   0x000002
          .udata_u2defs.o      udata   0x000ef8       data   0x000001
          .udata_u1defs.o      udata   0x000ef9       data   0x000001
           .udata_board.o      udata   0x000efa       data   0x000001
       .idata_heartBeat.o      idata   0x000efb       data   0x000001
          .udata_u1open.o      udata   0x000efc       data   0x000000
          .idata_u1open.o      idata   0x000efc       data   0x000000
          .udata_u2open.o      udata   0x000efc       data   0x000000
          .idata_u2open.o      idata   0x000efc       data   0x000000
          .udata_t0open.o      udata   0x000efc       data   0x000000
          .idata_t0open.o      idata   0x000efc       data   0x000000
          .udata_u1read.o      udata   0x000efc       data   0x000000
          .idata_u1read.o      idata   0x000efc       data   0x000000
          .udata_u2read.o      udata   0x000efc       data   0x000000
          .idata_u2read.o      idata   0x000efc       data   0x000000
          .udata_read_B.o      udata   0x000efc       data   0x000000
          .idata_read_B.o      idata   0x000efc       data   0x000000
   .udata_communication.o      udata   0x000efc       data   0x000000
          .idata_u1defs.o      idata   0x000efc       data   0x000000
           .idata_board.o      idata   0x000efc       data   0x000000
          .idata_u2defs.o      idata   0x000efc       data   0x000000
         .udata_t0write.o      udata   0x000efc       data   0x000000
         .idata_t0write.o      idata   0x000efc       data   0x000000
         .udata_write_B.o      udata   0x000efc       data   0x000000
         .idata_write_B.o      idata   0x000efc       data   0x000000
          .udata___init.o      udata   0x000efc       data   0x000000
          .idata___init.o      idata   0x000efc       data   0x000000
            .idata_uart.o      idata   0x000efc       data   0x000000
            .udata_uart.o      udata   0x000efc       data   0x000000
          .udata_keypad.o      udata   0x000efc       data   0x000000
          .idata_keypad.o      idata   0x000efc       data   0x000000
           .idata_timer.o      idata   0x000efc       data   0x000000
       .udata_heartBeat.o      udata   0x000efc       data   0x000000
             .udata_lcd.o      udata   0x000efc       data   0x000000
             .idata_lcd.o      idata   0x000efc       data   0x000000
           .udata_timer.o      udata   0x000efc       data   0x000000
              .udata_UI.o      udata   0x000efc       data   0x000000
            .idata_main.o      idata   0x000efc       data   0x000000
            .udata_main.o      udata   0x000efc       data   0x000000
             .udata_app.o      udata   0x000efc       data   0x000000
             .idata_app.o      idata   0x000efc       data   0x000000
 .idata_interruptvector.o      idata   0x000efc       data   0x000000
 .udata_interruptvector.o      udata   0x000efc       data   0x000000
        .udata_busy_eep.o      udata   0x000efc       data   0x000000
        .idata_busy_eep.o      idata   0x000efc       data   0x000000
           .idata_c018i.o      idata   0x000efc       data   0x000000
        .udata_fxd1616u.o      udata   0x000efc       data   0x000000
        .idata_fxd1616u.o      idata   0x000efc       data   0x000000
              SFR_BANKED0      udata   0x000f38       data   0x000028
            SFR_UNBANKED0      udata   0x000f60       data   0x0000a0



                              Program Memory Usage 
                               Start         End      
                           ---------   ---------      
                            0x000000    0x0055b3      
                            0x300001    0x300003      
                            0x300005    0x300006      
                            0x300008    0x30000d      
            21951 out of 29720 program addresses used, program memory utilization is 73%



                              Symbols - Sorted by Name
                     Name    Address   Location    Storage File                     
                ---------  ---------  ---------  --------- ---------                
    APP_acknowledgeIssues   0x001b7a    program     extern C:\Users\IDEONICS-BNG\Desktop\subhra\work on progress\AndonXBeeTerminal\app.c
        APP_checkPassword   0x00206c    program     extern C:\Users\IDEONICS-BNG\Desktop\subhra\work on progress\AndonXBeeTerminal\app.c
          APP_clearIssues   0x0020a8    program     extern C:\Users\IDEONICS-BNG\Desktop\subhra\work on progress\AndonXBeeTerminal\app.c
          APP_comCallBack   0x002252    program     extern C:\Users\IDEONICS-BNG\Desktop\subhra\work on progress\AndonXBeeTerminal\app.c
 APP_getAcknowledgedIssue   0x000be4    program     extern C:\Users\IDEONICS-BNG\Desktop\subhra\work on progress\AndonXBeeTerminal\app.c
         APP_getOpenIssue   0x00073e    program     extern C:\Users\IDEONICS-BNG\Desktop\subhra\work on progress\AndonXBeeTerminal\app.c
                 APP_init   0x0000b2    program     extern C:\Users\IDEONICS-BNG\Desktop\subhra\work on progress\AndonXBeeTerminal\app.c
                APP_login   0x00041c    program     extern C:\Users\IDEONICS-BNG\Desktop\subhra\work on progress\AndonXBeeTerminal\app.c
               APP_logout   0x0004b6    program     extern C:\Users\IDEONICS-BNG\Desktop\subhra\work on progress\AndonXBeeTerminal\app.c
          APP_raiseIssues   0x00146a    program     extern C:\Users\IDEONICS-BNG\Desktop\subhra\work on progress\AndonXBeeTerminal\app.c
        APP_resolveIssues   0x0010b6    program     extern C:\Users\IDEONICS-BNG\Desktop\subhra\work on progress\AndonXBeeTerminal\app.c
                 APP_task   0x00054e    program     extern C:\Users\IDEONICS-BNG\Desktop\subhra\work on progress\AndonXBeeTerminal\app.c
      APP_updateIssueInfo   0x001b4a    program     extern C:\Users\IDEONICS-BNG\Desktop\subhra\work on progress\AndonXBeeTerminal\app.c
               BOARD_init   0x004c10    program     extern C:\Users\IDEONICS-BNG\Desktop\subhra\work on progress\AndonXBeeTerminal\board.c
                 Busy_eep   0x000012    program     extern E:\c18v3.46\pic18-lt\cxx-framework\src\pmc_common\EEP\busy_eep.c
                 COM_init   0x00391c    program     extern C:\Users\IDEONICS-BNG\Desktop\subhra\work on progress\AndonXBeeTerminal\communication.c
                COM_reset   0x003984    program     extern C:\Users\IDEONICS-BNG\Desktop\subhra\work on progress\AndonXBeeTerminal\communication.c
              COM_restart   0x003952    program     extern C:\Users\IDEONICS-BNG\Desktop\subhra\work on progress\AndonXBeeTerminal\communication.c
                 COM_task   0x0039b2    program     extern C:\Users\IDEONICS-BNG\Desktop\subhra\work on progress\AndonXBeeTerminal\communication.c
               COM_txData   0x003c8c    program     extern C:\Users\IDEONICS-BNG\Desktop\subhra\work on progress\AndonXBeeTerminal\communication.c
                COM_txStr   0x003d1e    program     extern C:\Users\IDEONICS-BNG\Desktop\subhra\work on progress\AndonXBeeTerminal\communication.c
                    D10_1   0x004e36    program     static E:\c18v3.46\pic18-lt\cxx-framework\src\traditional\delays\d10tcyx.asm
                     D10x   0x004e2e    program     static E:\c18v3.46\pic18-lt\cxx-framework\src\traditional\delays\d10tcyx.asm
                   D1616S   0x00499c    program     static E:\c18v3.46\pic18-lt\cxx-framework\src\traditional\math\fxd1616s.asm
                D1616SNEG   0x0049aa    program     static E:\c18v3.46\pic18-lt\cxx-framework\src\traditional\math\fxd1616s.asm
                 D1616SOK   0x0049a6    program     static E:\c18v3.46\pic18-lt\cxx-framework\src\traditional\math\fxd1616s.asm
                  D1616SX   0x0049bc    program     static E:\c18v3.46\pic18-lt\cxx-framework\src\traditional\math\fxd1616s.asm
                    D1K_1   0x004db8    program     static E:\c18v3.46\pic18-lt\cxx-framework\src\traditional\delays\d1ktcyx.asm
                     D1Kx   0x004db6    program     static E:\c18v3.46\pic18-lt\cxx-framework\src\traditional\delays\d1ktcyx.asm
                  DA1616S   0x00498c    program     static E:\c18v3.46\pic18-lt\cxx-framework\src\traditional\math\fxd1616s.asm
              Delay10TCYx   0x004e26    program     extern E:\c18v3.46\pic18-lt\cxx-framework\src\traditional\delays\d10tcyx.asm
              Delay1KTCYx   0x004dac    program     extern E:\c18v3.46\pic18-lt\cxx-framework\src\traditional\delays\d1ktcyx.asm
         EnableInterrupts   0x000022    program     extern C:\Users\IDEONICS-BNG\Desktop\subhra\work on progress\AndonXBeeTerminal\interruptvector.c
                 FXD1616S   0x00497a    program     extern E:\c18v3.46\pic18-lt\cxx-framework\src\traditional\math\fxd1616s.asm
                 FXD1616U   0x004d80    program     extern E:\c18v3.46\pic18-lt\cxx-framework\src\traditional\math\fxd1616u.c
                 FXM1616U   0x0049c6    program     extern E:\c18v3.46\pic18-lt\cxx-framework\src\traditional\math\fxm1616u.asm
               GetAppTime   0x00487c    program     extern C:\Users\IDEONICS-BNG\Desktop\subhra\work on progress\AndonXBeeTerminal\timer.c
                  HB_init   0x004dec    program     extern C:\Users\IDEONICS-BNG\Desktop\subhra\work on progress\AndonXBeeTerminal\heartBeat.c
                  HB_task   0x004df2    program     extern C:\Users\IDEONICS-BNG\Desktop\subhra\work on progress\AndonXBeeTerminal\heartBeat.c
                  InitLcd   0x003f28    program     extern C:\Users\IDEONICS-BNG\Desktop\subhra\work on progress\AndonXBeeTerminal\lcd.c
              KEYPAD_init   0x00422a    program     extern C:\Users\IDEONICS-BNG\Desktop\subhra\work on progress\AndonXBeeTerminal\keypad.c
              KEYPAD_read   0x0042e4    program     extern C:\Users\IDEONICS-BNG\Desktop\subhra\work on progress\AndonXBeeTerminal\keypad.c
             KEYPAD_reset   0x00436a    program     extern C:\Users\IDEONICS-BNG\Desktop\subhra\work on progress\AndonXBeeTerminal\keypad.c
              KEYPAD_task   0x004248    program     extern C:\Users\IDEONICS-BNG\Desktop\subhra\work on progress\AndonXBeeTerminal\keypad.c
                LCD_clear   0x0040ac    program     extern C:\Users\IDEONICS-BNG\Desktop\subhra\work on progress\AndonXBeeTerminal\lcd.c
                 LCD_init   0x004156    program     extern C:\Users\IDEONICS-BNG\Desktop\subhra\work on progress\AndonXBeeTerminal\lcd.c
              LCD_putChar   0x0040ba    program     extern C:\Users\IDEONICS-BNG\Desktop\subhra\work on progress\AndonXBeeTerminal\lcd.c
         LCD_setBackSpace   0x004096    program     extern C:\Users\IDEONICS-BNG\Desktop\subhra\work on progress\AndonXBeeTerminal\lcd.c
         LCD_writeCommand   0x003e8c    program     extern C:\Users\IDEONICS-BNG\Desktop\subhra\work on progress\AndonXBeeTerminal\lcd.c
            LCD_writeData   0x003eda    program     extern C:\Users\IDEONICS-BNG\Desktop\subhra\work on progress\AndonXBeeTerminal\lcd.c
               Open1USART   0x004af2    program     extern E:\c18v3.46\pic18-lt\cxx-framework\src\pmc_common\USART\u1open.c
               Open2USART   0x004a7a    program     extern E:\c18v3.46\pic18-lt\cxx-framework\src\pmc_common\USART\u2open.c
               OpenTimer0   0x004d48    program     extern E:\c18v3.46\pic18-lt\cxx-framework\src\pmc_common\Timers\t0open.c
               Read1USART   0x004cd2    program     extern E:\c18v3.46\pic18-lt\cxx-framework\src\pmc_common\USART\u1read.c
               Read2USART   0x004c94    program     extern E:\c18v3.46\pic18-lt\cxx-framework\src\pmc_common\USART\u2read.c
               Read_b_eep   0x004b64    program     extern E:\c18v3.46\pic18-lt\cxx-framework\src\pmc_common\EEP\read_B.c
             ResetAppTime   0x0048cc    program     extern C:\Users\IDEONICS-BNG\Desktop\subhra\work on progress\AndonXBeeTerminal\timer.c
               TIMER0_ISR   0x0044cc    program     extern C:\Users\IDEONICS-BNG\Desktop\subhra\work on progress\AndonXBeeTerminal\timer.c
              TIMER0_init   0x004834    program     extern C:\Users\IDEONICS-BNG\Desktop\subhra\work on progress\AndonXBeeTerminal\timer.c
            UART1_hasData   0x003832    program     extern C:\Users\IDEONICS-BNG\Desktop\subhra\work on progress\AndonXBeeTerminal\uart.c
               UART1_init   0x003534    program     extern C:\Users\IDEONICS-BNG\Desktop\subhra\work on progress\AndonXBeeTerminal\uart.c
               UART1_read   0x00386c    program     extern C:\Users\IDEONICS-BNG\Desktop\subhra\work on progress\AndonXBeeTerminal\uart.c
           UART1_transmit   0x003618    program     extern C:\Users\IDEONICS-BNG\Desktop\subhra\work on progress\AndonXBeeTerminal\uart.c
              UART1_write   0x00359c    program     extern C:\Users\IDEONICS-BNG\Desktop\subhra\work on progress\AndonXBeeTerminal\uart.c
            UART2_hasData   0x0037f8    program     extern C:\Users\IDEONICS-BNG\Desktop\subhra\work on progress\AndonXBeeTerminal\uart.c
               UART2_init   0x003564    program     extern C:\Users\IDEONICS-BNG\Desktop\subhra\work on progress\AndonXBeeTerminal\uart.c
               UART2_read   0x0038c4    program     extern C:\Users\IDEONICS-BNG\Desktop\subhra\work on progress\AndonXBeeTerminal\uart.c
           UART2_transmit   0x003708    program     extern C:\Users\IDEONICS-BNG\Desktop\subhra\work on progress\AndonXBeeTerminal\uart.c
              UART2_write   0x0035da    program     extern C:\Users\IDEONICS-BNG\Desktop\subhra\work on progress\AndonXBeeTerminal\uart.c
                  UI_init   0x002406    program     extern C:\Users\IDEONICS-BNG\Desktop\subhra\work on progress\AndonXBeeTerminal\UI.c
              UI_setState   0x002df2    program     extern C:\Users\IDEONICS-BNG\Desktop\subhra\work on progress\AndonXBeeTerminal\UI.c
                  UI_task   0x00253e    program     extern C:\Users\IDEONICS-BNG\Desktop\subhra\work on progress\AndonXBeeTerminal\UI.c
      UI_updateDepartment   0x0031a4    program     extern C:\Users\IDEONICS-BNG\Desktop\subhra\work on progress\AndonXBeeTerminal\UI.c
     Uart1_ReceiveHandler   0x0045da    program     extern C:\Users\IDEONICS-BNG\Desktop\subhra\work on progress\AndonXBeeTerminal\uart.c
    Uart1_TransmitHandler   0x00342c    program     extern C:\Users\IDEONICS-BNG\Desktop\subhra\work on progress\AndonXBeeTerminal\uart.c
     Uart2_ReceiveHandler   0x00335c    program     extern C:\Users\IDEONICS-BNG\Desktop\subhra\work on progress\AndonXBeeTerminal\uart.c
    Uart2_TransmitHandler   0x0034b0    program     extern C:\Users\IDEONICS-BNG\Desktop\subhra\work on progress\AndonXBeeTerminal\uart.c
              WriteTimer0   0x004d10    program     extern E:\c18v3.46\pic18-lt\cxx-framework\src\pmc_common\Timers\t0write.c
              Write_b_eep   0x004a02    program     extern E:\c18v3.46\pic18-lt\cxx-framework\src\pmc_common\EEP\write_B.c
              _2jContinue   0x0046ca    program     static E:\c18v3.46\pic18-lt\cxx-framework\src\traditional\stdclib\memset.asm
                   _3jEnd   0x0046d4    program     static E:\c18v3.46\pic18-lt\cxx-framework\src\traditional\stdclib\memset.asm
        _D10TCYXCODE_000A   0x004e30    program     static E:\c18v3.46\pic18-lt\cxx-framework\src\traditional\delays\d10tcyx.asm
        _D10TCYXCODE_000C   0x004e32    program     static E:\c18v3.46\pic18-lt\cxx-framework\src\traditional\delays\d10tcyx.asm
        _D10TCYXCODE_000E   0x004e34    program     static E:\c18v3.46\pic18-lt\cxx-framework\src\traditional\delays\d10tcyx.asm
        _D1KTCYXCODE_0010   0x004dbc    program     static E:\c18v3.46\pic18-lt\cxx-framework\src\traditional\delays\d1ktcyx.asm
        _D1KTCYXCODE_0016   0x004dc2    program     static E:\c18v3.46\pic18-lt\cxx-framework\src\traditional\delays\d1ktcyx.asm
       ___case_1_lbl00066   0x001184    program     static                          
       ___case_1_lbl00121   0x0017e0    program     static                          
       ___case_3_lbl00072   0x00129e    program     static                          
       ___case_3_lbl00135   0x0018fe    program     static                          
      ___default_lbl00083   0x001414    program     static                          
      ___default_lbl00136   0x001a74    program     static                          
         ___else_lbl00011   0x000286    program     static                          
         ___else_lbl00013   0x000272    program     static                          
         ___else_lbl00077   0x0013bc    program     static                          
         ___else_lbl00079   0x0013f8    program     static                          
         ___else_lbl00081   0x0013da    program     static                          
         ___else_lbl00100   0x0016a4    program     static                          
         ___else_lbl00128   0x001a1e    program     static                          
         ___else_lbl00130   0x001a56    program     static                          
         ___else_lbl00132   0x001a3a    program     static                          
         ___else_lbl00185   0x00222c    program     static                          
          ___for_lbl00001   0x000254    program     static                          
          ___for_lbl00002   0x00025e    program     static                          
          ___for_lbl00003   0x0001aa    program     static                          
          ___for_lbl00004   0x0001b0    program     static                          
          ___for_lbl00005   0x000136    program     static                          
          ___for_lbl00009   0x0000ee    program     static                          
          ___for_lbl00032   0x000712    program     static                          
          ___for_lbl00033   0x000716    program     static                          
          ___for_lbl00035   0x0005b6    program     static                          
          ___for_lbl00067   0x001274    program     static                          
          ___for_lbl00068   0x00127a    program     static                          
          ___for_lbl00069   0x001220    program     static                          
          ___for_lbl00073   0x00138e    program     static                          
          ___for_lbl00074   0x001394    program     static                          
          ___for_lbl00075   0x00133a    program     static                          
          ___for_lbl00084   0x001452    program     static                          
          ___for_lbl00085   0x001456    program     static                          
          ___for_lbl00087   0x001418    program     static                          
          ___for_lbl00089   0x0014f0    program     static                          
          ___for_lbl00090   0x0014f4    program     static                          
          ___for_lbl00093   0x001478    program     static                          
          ___for_lbl00094   0x0016d0    program     static                          
          ___for_lbl00095   0x0016d4    program     static                          
          ___for_lbl00096   0x00167c    program     static                          
          ___for_lbl00097   0x001682    program     static                          
          ___for_lbl00098   0x00162a    program     static                          
          ___for_lbl00102   0x0014f6    program     static                          
          ___for_lbl00106   0x0017cc    program     static                          
          ___for_lbl00107   0x0017d0    program     static                          
          ___for_lbl00111   0x001734    program     static                          
          ___for_lbl00113   0x0018f8    program     static                          
          ___for_lbl00114   0x0018fc    program     static                          
          ___for_lbl00115   0x0018d2    program     static                          
          ___for_lbl00116   0x0018d8    program     static                          
          ___for_lbl00117   0x00187e    program     static                          
          ___for_lbl00120   0x0017e2    program     static                          
          ___for_lbl00122   0x001a6e    program     static                          
          ___for_lbl00123   0x001a72    program     static                          
          ___for_lbl00124   0x0019f2    program     static                          
          ___for_lbl00125   0x0019f8    program     static                          
          ___for_lbl00126   0x00199e    program     static                          
          ___for_lbl00134   0x001900    program     static                          
          ___for_lbl00144   0x001c4a    program     static                          
          ___for_lbl00145   0x001c4e    program     static                          
          ___for_lbl00147   0x001c12    program     static                          
          ___for_lbl00164   0x001f9c    program     static                          
          ___for_lbl00165   0x001fa0    program     static                          
          ___for_lbl00168   0x001ed4    program     static                          
          ___for_lbl00178   0x0021cc    program     static                          
          ___for_lbl00179   0x0021d6    program     static                          
          ___for_lbl00180   0x0020e4    program     static                          
          ___for_lbl00181   0x002206    program     static                          
          ___for_lbl00182   0x002210    program     static                          
          ___for_lbl00183   0x0021da    program     static                          
           ___if_lbl00001   0x000010    program     static                          
           ___if_lbl00003   0x000020    program     static                          
           ___if_lbl00003   0x0047ce    program     static                          
           ___if_lbl00003   0x003e3c    program     static                          
           ___if_lbl00004   0x0047e4    program     static                          
           ___if_lbl00005   0x0047fa    program     static                          
           ___if_lbl00006   0x004810    program     static                          
           ___if_lbl00006   0x0001e4    program     static                          
           ___if_lbl00007   0x004826    program     static                          
           ___if_lbl00007   0x00021a    program     static                          
           ___if_lbl00008   0x000254    program     static                          
           ___if_lbl00010   0x000290    program     static                          
           ___if_lbl00012   0x000290    program     static                          
           ___if_lbl00014   0x0002a0    program     static                          
           ___if_lbl00034   0x000712    program     static                          
           ___if_lbl00036   0x00072a    program     static                          
           ___if_lbl00037   0x00072a    program     static                          
           ___if_lbl00038   0x00072a    program     static                          
           ___if_lbl00062   0x00114a    program     static                          
           ___if_lbl00063   0x00114a    program     static                          
           ___if_lbl00064   0x00114a    program     static                          
           ___if_lbl00070   0x00129a    program     static                          
           ___if_lbl00071   0x00129c    program     static                          
           ___if_lbl00076   0x0013d8    program     static                          
           ___if_lbl00078   0x001410    program     static                          
           ___if_lbl00080   0x001410    program     static                          
           ___if_lbl00082   0x001412    program     static                          
           ___if_lbl00086   0x001452    program     static                          
           ___if_lbl00091   0x0014f0    program     static                          
           ___if_lbl00092   0x0014f0    program     static                          
           ___if_lbl00099   0x0016bc    program     static                          
           ___if_lbl00101   0x0016d0    program     static                          
           ___if_lbl00103   0x0016e0    program     static                          
           ___if_lbl00105   0x001732    program     static                          
           ___if_lbl00108   0x0017cc    program     static                          
           ___if_lbl00109   0x0017cc    program     static                          
           ___if_lbl00110   0x0017cc    program     static                          
           ___if_lbl00118   0x0018f6    program     static                          
           ___if_lbl00119   0x0018f8    program     static                          
           ___if_lbl00127   0x001a38    program     static                          
           ___if_lbl00129   0x001a6c    program     static                          
           ___if_lbl00131   0x001a6c    program     static                          
           ___if_lbl00133   0x001a6e    program     static                          
           ___if_lbl00146   0x001c4a    program     static                          
           ___if_lbl00166   0x001f9c    program     static                          
           ___if_lbl00167   0x001f9c    program     static                          
           ___if_lbl00184   0x00223e    program     static                          
       ___return_lbl00000   0x003e44    program     static                          
       ___return_lbl00000   0x00482a    program     static                          
       ___return_lbl00000   0x004daa    program     static                          
       ___return_lbl00000   0x00032c    program     static                          
       ___return_lbl00000   0x000004    program     static                          
       ___return_lbl00000   0x004bb4    program     static                          
       ___return_lbl00000   0x000010    program     static                          
       ___return_lbl00001   0x004e24    program     static                          
       ___return_lbl00002   0x004978    program     static                          
       ___return_lbl00002   0x000020    program     static                          
       ___return_lbl00004   0x003e84    program     static                          
       ___return_lbl00005   0x003ed2    program     static                          
       ___return_lbl00006   0x003f20    program     static                          
       ___return_lbl00031   0x00072a    program     static                          
       ___return_lbl00061   0x001456    program     static                          
       ___return_lbl00088   0x0016e0    program     static                          
       ___return_lbl00104   0x001a76    program     static                          
       ___return_lbl00143   0x001c50    program     static                          
       ___return_lbl00163   0x001fa6    program     static                          
       ___return_lbl00177   0x00223e    program     static                          
   ___switchexit_lbl00065   0x001416    program     static                          
   ___switchexit_lbl00112   0x001a76    program     static                          
        ___while_lbl00001   0x0047b8    program     static                          
        ___while_lbl00001   0x003df0    program     static                          
        ___while_lbl00002   0x00482a    program     static                          
        ___while_lbl00002   0x003e3e    program     static                          
               __config_0   0x300001    program     static C:\Users\IDEONICS-BNG\Desktop\subhra\work on progress\AndonXBeeTerminal\main.c
               __config_1   0x300002    program     static C:\Users\IDEONICS-BNG\Desktop\subhra\work on progress\AndonXBeeTerminal\main.c
              __config_10   0x30000d    program     static C:\Users\IDEONICS-BNG\Desktop\subhra\work on progress\AndonXBeeTerminal\main.c
               __config_2   0x300003    program     static C:\Users\IDEONICS-BNG\Desktop\subhra\work on progress\AndonXBeeTerminal\main.c
               __config_3   0x300005    program     static C:\Users\IDEONICS-BNG\Desktop\subhra\work on progress\AndonXBeeTerminal\main.c
               __config_4   0x300006    program     static C:\Users\IDEONICS-BNG\Desktop\subhra\work on progress\AndonXBeeTerminal\main.c
               __config_5   0x300008    program     static C:\Users\IDEONICS-BNG\Desktop\subhra\work on progress\AndonXBeeTerminal\main.c
               __config_6   0x300009    program     static C:\Users\IDEONICS-BNG\Desktop\subhra\work on progress\AndonXBeeTerminal\main.c
               __config_7   0x30000a    program     static C:\Users\IDEONICS-BNG\Desktop\subhra\work on progress\AndonXBeeTerminal\main.c
               __config_8   0x30000b    program     static C:\Users\IDEONICS-BNG\Desktop\subhra\work on progress\AndonXBeeTerminal\main.c
               __config_9   0x30000c    program     static C:\Users\IDEONICS-BNG\Desktop\subhra\work on progress\AndonXBeeTerminal\main.c
                   __init   0x004e4e    program     extern E:\c18v3.46\pic18-lt\cxx-framework\src\traditional\stdclib\__init.c
               __string_0   0x004c8b    program     static C:\Users\IDEONICS-BNG\Desktop\subhra\work on progress\AndonXBeeTerminal\UI.c
               __string_1   0x004c84    program     static C:\Users\IDEONICS-BNG\Desktop\subhra\work on progress\AndonXBeeTerminal\UI.c
               __string_2   0x004c7b    program     static C:\Users\IDEONICS-BNG\Desktop\subhra\work on progress\AndonXBeeTerminal\UI.c
               __string_3   0x004c71    program     static C:\Users\IDEONICS-BNG\Desktop\subhra\work on progress\AndonXBeeTerminal\UI.c
               __string_4   0x004c61    program     static C:\Users\IDEONICS-BNG\Desktop\subhra\work on progress\AndonXBeeTerminal\UI.c
               __string_5   0x004c54    program     static C:\Users\IDEONICS-BNG\Desktop\subhra\work on progress\AndonXBeeTerminal\UI.c
               __tmplbl_0   0x0005a0    program     static                          
            __zero_memory   0x004dcc    program     extern E:\c18v3.46\pic18-lt\cxx-framework\src\traditional\proc\p18f46k22.asm
                _do_cinit   0x0048dc    program     extern E:\c18v3.46\pic18-lt\cxx-framework\src\traditional\startup\c018i.c
                   _entry   0x000000    program     extern E:\c18v3.46\pic18-lt\cxx-framework\src\traditional\startup\c018i.c
                 _startup   0x004e0a    program     extern E:\c18v3.46\pic18-lt\cxx-framework\src\traditional\startup\c018i.c
         acknowledgeIssue   0x001fbe    program     extern C:\Users\IDEONICS-BNG\Desktop\subhra\work on progress\AndonXBeeTerminal\app.c
                  busyLcd   0x003dcc    program     static C:\Users\IDEONICS-BNG\Desktop\subhra\work on progress\AndonXBeeTerminal\lcd.c
                 checksum   0x003d68    program     extern C:\Users\IDEONICS-BNG\Desktop\subhra\work on progress\AndonXBeeTerminal\communication.c
              clearScreen   0x004e3c    program     static C:\Users\IDEONICS-BNG\Desktop\subhra\work on progress\AndonXBeeTerminal\lcd.c
            clearUIBuffer   0x002f62    program     extern C:\Users\IDEONICS-BNG\Desktop\subhra\work on progress\AndonXBeeTerminal\UI.c
             clearUIInput   0x002f8c    program     extern C:\Users\IDEONICS-BNG\Desktop\subhra\work on progress\AndonXBeeTerminal\UI.c
                compare_l   0x004de2    program     static E:\c18v3.46\pic18-lt\cxx-framework\src\traditional\proc\p18f46k22.asm
                copy_loop   0x00494e    program     static                          
            copy_one_byte   0x004954    program     static                          
               dataPortIn   0x00420a    program     extern C:\Users\IDEONICS-BNG\Desktop\subhra\work on progress\AndonXBeeTerminal\lcd.c
              dataPortOut   0x00421a    program     extern C:\Users\IDEONICS-BNG\Desktop\subhra\work on progress\AndonXBeeTerminal\lcd.c
                     done   0x004978    program     static                          
             done_copying   0x004962    program     static                          
                  endloop   0x004da6    program     static                          
                  getData   0x002ef8    program     extern C:\Users\IDEONICS-BNG\Desktop\subhra\work on progress\AndonXBeeTerminal\UI.c
               getStation   0x002e4e    program     extern C:\Users\IDEONICS-BNG\Desktop\subhra\work on progress\AndonXBeeTerminal\UI.c
             getStatusLog   0x001a8a    program     extern C:\Users\IDEONICS-BNG\Desktop\subhra\work on progress\AndonXBeeTerminal\app.c
           high_interrupt   0x000008    program     extern C:\Users\IDEONICS-BNG\Desktop\subhra\work on progress\AndonXBeeTerminal\interruptvector.c
            issueResolved   0x001d4e    program     extern C:\Users\IDEONICS-BNG\Desktop\subhra\work on progress\AndonXBeeTerminal\app.c
                     jEnd   0x0046dc    program     static E:\c18v3.46\pic18-lt\cxx-framework\src\traditional\stdclib\memset.asm
                     jEnd   0x004708    program     static E:\c18v3.46\pic18-lt\cxx-framework\src\traditional\stdclib\strcmp.asm
                     jEnd   0x00477a    program     static E:\c18v3.46\pic18-lt\cxx-framework\src\traditional\stdclib\strlen.asm
                    jLoop   0x0046fe    program     static E:\c18v3.46\pic18-lt\cxx-framework\src\traditional\stdclib\strcmp.asm
                    jLoop   0x004746    program     static E:\c18v3.46\pic18-lt\cxx-framework\src\traditional\stdclib\strcpy.asm
                    jLoop   0x0046be    program     static E:\c18v3.46\pic18-lt\cxx-framework\src\traditional\stdclib\memset.asm
                    jLoop   0x004770    program     static E:\c18v3.46\pic18-lt\cxx-framework\src\traditional\stdclib\strlen.asm
                   keyMap   0x004bc0    program     extern C:\Users\IDEONICS-BNG\Desktop\subhra\work on progress\AndonXBeeTerminal\UI.c
                    login   0x000340    program     extern C:\Users\IDEONICS-BNG\Desktop\subhra\work on progress\AndonXBeeTerminal\app.c
                     loop   0x004e1a    program     static                          
                     loop   0x004d8a    program     static                          
                   loop_h   0x004dda    program     static E:\c18v3.46\pic18-lt\cxx-framework\src\traditional\proc\p18f46k22.asm
                   loop_l   0x004de4    program     static E:\c18v3.46\pic18-lt\cxx-framework\src\traditional\proc\p18f46k22.asm
            low_interrupt   0x000018    program     extern C:\Users\IDEONICS-BNG\Desktop\subhra\work on progress\AndonXBeeTerminal\interruptvector.c
                     main   0x00477c    program     extern C:\Users\IDEONICS-BNG\Desktop\subhra\work on progress\AndonXBeeTerminal\main.c
                   mapKey   0x002b74    program     extern C:\Users\IDEONICS-BNG\Desktop\subhra\work on progress\AndonXBeeTerminal\UI.c
                   memset   0x0046aa    program     extern E:\c18v3.46\pic18-lt\cxx-framework\src\traditional\stdclib\memset.asm
              parsePacket   0x003bea    program     extern C:\Users\IDEONICS-BNG\Desktop\subhra\work on progress\AndonXBeeTerminal\communication.c
                putUIdept   0x00311e    program     extern C:\Users\IDEONICS-BNG\Desktop\subhra\work on progress\AndonXBeeTerminal\UI.c
                 putUImsg   0x003096    program     extern C:\Users\IDEONICS-BNG\Desktop\subhra\work on progress\AndonXBeeTerminal\UI.c
    rawWriteCommand8ToLcd   0x003e5c    program     static C:\Users\IDEONICS-BNG\Desktop\subhra\work on progress\AndonXBeeTerminal\lcd.c
             resolveIssue   0x0016f4    program     extern C:\Users\IDEONICS-BNG\Desktop\subhra\work on progress\AndonXBeeTerminal\app.c
               scanKeypad   0x004384    program     static C:\Users\IDEONICS-BNG\Desktop\subhra\work on progress\AndonXBeeTerminal\keypad.c
                 setUImsg   0x00300a    program     extern C:\Users\IDEONICS-BNG\Desktop\subhra\work on progress\AndonXBeeTerminal\UI.c
                showUImsg   0x002fae    program     extern C:\Users\IDEONICS-BNG\Desktop\subhra\work on progress\AndonXBeeTerminal\UI.c
                   strcmp   0x0046de    program     extern E:\c18v3.46\pic18-lt\cxx-framework\src\traditional\stdclib\strcmp.asm
                   strcpy   0x00471e    program     extern E:\c18v3.46\pic18-lt\cxx-framework\src\traditional\stdclib\strcpy.asm
                   strlen   0x004760    program     extern E:\c18v3.46\pic18-lt\cxx-framework\src\traditional\stdclib\strlen.asm
                     test   0x0048f6    program     static                          
                  timeout   0x000006    program     static C:\Users\IDEONICS-BNG\Desktop\subhra\work on progress\AndonXBeeTerminal\app.c
         updateIndication   0x001d0e    program     static C:\Users\IDEONICS-BNG\Desktop\subhra\work on progress\AndonXBeeTerminal\app.c
                updateLog   0x001c5a    program     static C:\Users\IDEONICS-BNG\Desktop\subhra\work on progress\AndonXBeeTerminal\app.c
          update_timeouts   0x001ec2    program     static C:\Users\IDEONICS-BNG\Desktop\subhra\work on progress\AndonXBeeTerminal\app.c
               writetoLCD   0x004166    program     extern C:\Users\IDEONICS-BNG\Desktop\subhra\work on progress\AndonXBeeTerminal\lcd.c
               zero_block   0x004dda    program     static E:\c18v3.46\pic18-lt\cxx-framework\src\traditional\proc\p18f46k22.asm
                   ADCON0   0x000fc2       data     extern E:\c18v3.46\pic18-lt\cxx-framework\src\traditional\proc\p18f46k22.asm
               ADCON0bits   0x000fc2       data     extern E:\c18v3.46\pic18-lt\cxx-framework\src\traditional\proc\p18f46k22.asm
                   ADCON1   0x000fc1       data     extern E:\c18v3.46\pic18-lt\cxx-framework\src\traditional\proc\p18f46k22.asm
               ADCON1bits   0x000fc1       data     extern E:\c18v3.46\pic18-lt\cxx-framework\src\traditional\proc\p18f46k22.asm
                   ADCON2   0x000fc0       data     extern E:\c18v3.46\pic18-lt\cxx-framework\src\traditional\proc\p18f46k22.asm
               ADCON2bits   0x000fc0       data     extern E:\c18v3.46\pic18-lt\cxx-framework\src\traditional\proc\p18f46k22.asm
                    ADRES   0x000fc3       data     extern E:\c18v3.46\pic18-lt\cxx-framework\src\traditional\proc\p18f46k22.asm
                   ADRESH   0x000fc4       data     extern E:\c18v3.46\pic18-lt\cxx-framework\src\traditional\proc\p18f46k22.asm
                   ADRESL   0x000fc3       data     extern E:\c18v3.46\pic18-lt\cxx-framework\src\traditional\proc\p18f46k22.asm
                   ANSELA   0x000f38       data     extern E:\c18v3.46\pic18-lt\cxx-framework\src\traditional\proc\p18f46k22.asm
               ANSELAbits   0x000f38       data     extern E:\c18v3.46\pic18-lt\cxx-framework\src\traditional\proc\p18f46k22.asm
                   ANSELB   0x000f39       data     extern E:\c18v3.46\pic18-lt\cxx-framework\src\traditional\proc\p18f46k22.asm
               ANSELBbits   0x000f39       data     extern E:\c18v3.46\pic18-lt\cxx-framework\src\traditional\proc\p18f46k22.asm
                   ANSELC   0x000f3a       data     extern E:\c18v3.46\pic18-lt\cxx-framework\src\traditional\proc\p18f46k22.asm
               ANSELCbits   0x000f3a       data     extern E:\c18v3.46\pic18-lt\cxx-framework\src\traditional\proc\p18f46k22.asm
                   ANSELD   0x000f3b       data     extern E:\c18v3.46\pic18-lt\cxx-framework\src\traditional\proc\p18f46k22.asm
               ANSELDbits   0x000f3b       data     extern E:\c18v3.46\pic18-lt\cxx-framework\src\traditional\proc\p18f46k22.asm
                   ANSELE   0x000f3c       data     extern E:\c18v3.46\pic18-lt\cxx-framework\src\traditional\proc\p18f46k22.asm
               ANSELEbits   0x000f3c       data     extern E:\c18v3.46\pic18-lt\cxx-framework\src\traditional\proc\p18f46k22.asm
             AppTimestamp   0x000e1a       data     extern C:\Users\IDEONICS-BNG\Desktop\subhra\work on progress\AndonXBeeTerminal\timer.c
                 BAUD1CON   0x000fb8       data     extern E:\c18v3.46\pic18-lt\cxx-framework\src\traditional\proc\p18f46k22.asm
             BAUD1CONbits   0x000fb8       data     extern E:\c18v3.46\pic18-lt\cxx-framework\src\traditional\proc\p18f46k22.asm
                 BAUD2CON   0x000f70       data     extern E:\c18v3.46\pic18-lt\cxx-framework\src\traditional\proc\p18f46k22.asm
             BAUD2CONbits   0x000f70       data     extern E:\c18v3.46\pic18-lt\cxx-framework\src\traditional\proc\p18f46k22.asm
                  BAUDCON   0x000fb8       data     extern E:\c18v3.46\pic18-lt\cxx-framework\src\traditional\proc\p18f46k22.asm
                 BAUDCON1   0x000fb8       data     extern E:\c18v3.46\pic18-lt\cxx-framework\src\traditional\proc\p18f46k22.asm
             BAUDCON1bits   0x000fb8       data     extern E:\c18v3.46\pic18-lt\cxx-framework\src\traditional\proc\p18f46k22.asm
                 BAUDCON2   0x000f70       data     extern E:\c18v3.46\pic18-lt\cxx-framework\src\traditional\proc\p18f46k22.asm
             BAUDCON2bits   0x000f70       data     extern E:\c18v3.46\pic18-lt\cxx-framework\src\traditional\proc\p18f46k22.asm
              BAUDCONbits   0x000fb8       data     extern E:\c18v3.46\pic18-lt\cxx-framework\src\traditional\proc\p18f46k22.asm
                  BAUDCTL   0x000fb8       data     extern E:\c18v3.46\pic18-lt\cxx-framework\src\traditional\proc\p18f46k22.asm
              BAUDCTLbits   0x000fb8       data     extern E:\c18v3.46\pic18-lt\cxx-framework\src\traditional\proc\p18f46k22.asm
                      BSR   0x000fe0       data     extern E:\c18v3.46\pic18-lt\cxx-framework\src\traditional\proc\p18f46k22.asm
                  CCP1CON   0x000fbd       data     extern E:\c18v3.46\pic18-lt\cxx-framework\src\traditional\proc\p18f46k22.asm
              CCP1CONbits   0x000fbd       data     extern E:\c18v3.46\pic18-lt\cxx-framework\src\traditional\proc\p18f46k22.asm
                   CCP2AS   0x000f64       data     extern E:\c18v3.46\pic18-lt\cxx-framework\src\traditional\proc\p18f46k22.asm
               CCP2ASbits   0x000f64       data     extern E:\c18v3.46\pic18-lt\cxx-framework\src\traditional\proc\p18f46k22.asm
                  CCP2CON   0x000f66       data     extern E:\c18v3.46\pic18-lt\cxx-framework\src\traditional\proc\p18f46k22.asm
              CCP2CONbits   0x000f66       data     extern E:\c18v3.46\pic18-lt\cxx-framework\src\traditional\proc\p18f46k22.asm
                   CCP3AS   0x000f5b       data     extern E:\c18v3.46\pic18-lt\cxx-framework\src\traditional\proc\p18f46k22.asm
               CCP3ASbits   0x000f5b       data     extern E:\c18v3.46\pic18-lt\cxx-framework\src\traditional\proc\p18f46k22.asm
                  CCP3CON   0x000f5d       data     extern E:\c18v3.46\pic18-lt\cxx-framework\src\traditional\proc\p18f46k22.asm
              CCP3CONbits   0x000f5d       data     extern E:\c18v3.46\pic18-lt\cxx-framework\src\traditional\proc\p18f46k22.asm
                  CCP4CON   0x000f57       data     extern E:\c18v3.46\pic18-lt\cxx-framework\src\traditional\proc\p18f46k22.asm
              CCP4CONbits   0x000f57       data     extern E:\c18v3.46\pic18-lt\cxx-framework\src\traditional\proc\p18f46k22.asm
                  CCP5CON   0x000f54       data     extern E:\c18v3.46\pic18-lt\cxx-framework\src\traditional\proc\p18f46k22.asm
              CCP5CONbits   0x000f54       data     extern E:\c18v3.46\pic18-lt\cxx-framework\src\traditional\proc\p18f46k22.asm
                    CCPR1   0x000fbe       data     extern E:\c18v3.46\pic18-lt\cxx-framework\src\traditional\proc\p18f46k22.asm
                   CCPR1H   0x000fbf       data     extern E:\c18v3.46\pic18-lt\cxx-framework\src\traditional\proc\p18f46k22.asm
                   CCPR1L   0x000fbe       data     extern E:\c18v3.46\pic18-lt\cxx-framework\src\traditional\proc\p18f46k22.asm
                    CCPR2   0x000f67       data     extern E:\c18v3.46\pic18-lt\cxx-framework\src\traditional\proc\p18f46k22.asm
                   CCPR2H   0x000f68       data     extern E:\c18v3.46\pic18-lt\cxx-framework\src\traditional\proc\p18f46k22.asm
                   CCPR2L   0x000f67       data     extern E:\c18v3.46\pic18-lt\cxx-framework\src\traditional\proc\p18f46k22.asm
                    CCPR3   0x000f5e       data     extern E:\c18v3.46\pic18-lt\cxx-framework\src\traditional\proc\p18f46k22.asm
                   CCPR3H   0x000f5f       data     extern E:\c18v3.46\pic18-lt\cxx-framework\src\traditional\proc\p18f46k22.asm
                   CCPR3L   0x000f5e       data     extern E:\c18v3.46\pic18-lt\cxx-framework\src\traditional\proc\p18f46k22.asm
                    CCPR4   0x000f58       data     extern E:\c18v3.46\pic18-lt\cxx-framework\src\traditional\proc\p18f46k22.asm
                   CCPR4H   0x000f59       data     extern E:\c18v3.46\pic18-lt\cxx-framework\src\traditional\proc\p18f46k22.asm
                   CCPR4L   0x000f58       data     extern E:\c18v3.46\pic18-lt\cxx-framework\src\traditional\proc\p18f46k22.asm
                    CCPR5   0x000f55       data     extern E:\c18v3.46\pic18-lt\cxx-framework\src\traditional\proc\p18f46k22.asm
                   CCPR5H   0x000f56       data     extern E:\c18v3.46\pic18-lt\cxx-framework\src\traditional\proc\p18f46k22.asm
                   CCPR5L   0x000f55       data     extern E:\c18v3.46\pic18-lt\cxx-framework\src\traditional\proc\p18f46k22.asm
                 CCPTMRS0   0x000f49       data     extern E:\c18v3.46\pic18-lt\cxx-framework\src\traditional\proc\p18f46k22.asm
             CCPTMRS0bits   0x000f49       data     extern E:\c18v3.46\pic18-lt\cxx-framework\src\traditional\proc\p18f46k22.asm
                 CCPTMRS1   0x000f48       data     extern E:\c18v3.46\pic18-lt\cxx-framework\src\traditional\proc\p18f46k22.asm
             CCPTMRS1bits   0x000f48       data     extern E:\c18v3.46\pic18-lt\cxx-framework\src\traditional\proc\p18f46k22.asm
                  CM12CON   0x000f77       data     extern E:\c18v3.46\pic18-lt\cxx-framework\src\traditional\proc\p18f46k22.asm
              CM12CONbits   0x000f77       data     extern E:\c18v3.46\pic18-lt\cxx-framework\src\traditional\proc\p18f46k22.asm
                   CM1CON   0x000f79       data     extern E:\c18v3.46\pic18-lt\cxx-framework\src\traditional\proc\p18f46k22.asm
                  CM1CON0   0x000f79       data     extern E:\c18v3.46\pic18-lt\cxx-framework\src\traditional\proc\p18f46k22.asm
              CM1CON0bits   0x000f79       data     extern E:\c18v3.46\pic18-lt\cxx-framework\src\traditional\proc\p18f46k22.asm
               CM1CONbits   0x000f79       data     extern E:\c18v3.46\pic18-lt\cxx-framework\src\traditional\proc\p18f46k22.asm
                   CM2CON   0x000f78       data     extern E:\c18v3.46\pic18-lt\cxx-framework\src\traditional\proc\p18f46k22.asm
                  CM2CON0   0x000f78       data     extern E:\c18v3.46\pic18-lt\cxx-framework\src\traditional\proc\p18f46k22.asm
              CM2CON0bits   0x000f78       data     extern E:\c18v3.46\pic18-lt\cxx-framework\src\traditional\proc\p18f46k22.asm
                  CM2CON1   0x000f77       data     extern E:\c18v3.46\pic18-lt\cxx-framework\src\traditional\proc\p18f46k22.asm
              CM2CON1bits   0x000f77       data     extern E:\c18v3.46\pic18-lt\cxx-framework\src\traditional\proc\p18f46k22.asm
               CM2CONbits   0x000f78       data     extern E:\c18v3.46\pic18-lt\cxx-framework\src\traditional\proc\p18f46k22.asm
                 CTMUCON0   0x000f45       data     extern E:\c18v3.46\pic18-lt\cxx-framework\src\traditional\proc\p18f46k22.asm
             CTMUCON0bits   0x000f45       data     extern E:\c18v3.46\pic18-lt\cxx-framework\src\traditional\proc\p18f46k22.asm
                 CTMUCON1   0x000f44       data     extern E:\c18v3.46\pic18-lt\cxx-framework\src\traditional\proc\p18f46k22.asm
             CTMUCON1bits   0x000f44       data     extern E:\c18v3.46\pic18-lt\cxx-framework\src\traditional\proc\p18f46k22.asm
                 CTMUCONH   0x000f45       data     extern E:\c18v3.46\pic18-lt\cxx-framework\src\traditional\proc\p18f46k22.asm
             CTMUCONHbits   0x000f45       data     extern E:\c18v3.46\pic18-lt\cxx-framework\src\traditional\proc\p18f46k22.asm
                 CTMUCONL   0x000f44       data     extern E:\c18v3.46\pic18-lt\cxx-framework\src\traditional\proc\p18f46k22.asm
             CTMUCONLbits   0x000f44       data     extern E:\c18v3.46\pic18-lt\cxx-framework\src\traditional\proc\p18f46k22.asm
                 CTMUICON   0x000f43       data     extern E:\c18v3.46\pic18-lt\cxx-framework\src\traditional\proc\p18f46k22.asm
                CTMUICONH   0x000f43       data     extern E:\c18v3.46\pic18-lt\cxx-framework\src\traditional\proc\p18f46k22.asm
            CTMUICONHbits   0x000f43       data     extern E:\c18v3.46\pic18-lt\cxx-framework\src\traditional\proc\p18f46k22.asm
             CTMUICONbits   0x000f43       data     extern E:\c18v3.46\pic18-lt\cxx-framework\src\traditional\proc\p18f46k22.asm
                  DACCON0   0x000f41       data     extern E:\c18v3.46\pic18-lt\cxx-framework\src\traditional\proc\p18f46k22.asm
              DACCON0bits   0x000f41       data     extern E:\c18v3.46\pic18-lt\cxx-framework\src\traditional\proc\p18f46k22.asm
                  DACCON1   0x000f40       data     extern E:\c18v3.46\pic18-lt\cxx-framework\src\traditional\proc\p18f46k22.asm
              DACCON1bits   0x000f40       data     extern E:\c18v3.46\pic18-lt\cxx-framework\src\traditional\proc\p18f46k22.asm
                     DDRA   0x000f92       data     extern E:\c18v3.46\pic18-lt\cxx-framework\src\traditional\proc\p18f46k22.asm
                 DDRAbits   0x000f92       data     extern E:\c18v3.46\pic18-lt\cxx-framework\src\traditional\proc\p18f46k22.asm
                     DDRB   0x000f93       data     extern E:\c18v3.46\pic18-lt\cxx-framework\src\traditional\proc\p18f46k22.asm
                 DDRBbits   0x000f93       data     extern E:\c18v3.46\pic18-lt\cxx-framework\src\traditional\proc\p18f46k22.asm
                     DDRC   0x000f94       data     extern E:\c18v3.46\pic18-lt\cxx-framework\src\traditional\proc\p18f46k22.asm
                 DDRCbits   0x000f94       data     extern E:\c18v3.46\pic18-lt\cxx-framework\src\traditional\proc\p18f46k22.asm
                     DDRD   0x000f95       data     extern E:\c18v3.46\pic18-lt\cxx-framework\src\traditional\proc\p18f46k22.asm
                 DDRDbits   0x000f95       data     extern E:\c18v3.46\pic18-lt\cxx-framework\src\traditional\proc\p18f46k22.asm
                     DDRE   0x000f96       data     extern E:\c18v3.46\pic18-lt\cxx-framework\src\traditional\proc\p18f46k22.asm
                 DDREbits   0x000f96       data     extern E:\c18v3.46\pic18-lt\cxx-framework\src\traditional\proc\p18f46k22.asm
            DelayCounter1   0x00001c       data     extern E:\c18v3.46\pic18-lt\cxx-framework\src\traditional\delays\delayd1.asm
                  ECCP1AS   0x000fb6       data     extern E:\c18v3.46\pic18-lt\cxx-framework\src\traditional\proc\p18f46k22.asm
              ECCP1ASbits   0x000fb6       data     extern E:\c18v3.46\pic18-lt\cxx-framework\src\traditional\proc\p18f46k22.asm
                  ECCP2AS   0x000f64       data     extern E:\c18v3.46\pic18-lt\cxx-framework\src\traditional\proc\p18f46k22.asm
              ECCP2ASbits   0x000f64       data     extern E:\c18v3.46\pic18-lt\cxx-framework\src\traditional\proc\p18f46k22.asm
                  ECCP3AS   0x000f5b       data     extern E:\c18v3.46\pic18-lt\cxx-framework\src\traditional\proc\p18f46k22.asm
              ECCP3ASbits   0x000f5b       data     extern E:\c18v3.46\pic18-lt\cxx-framework\src\traditional\proc\p18f46k22.asm
                   ECCPAS   0x000fb6       data     extern E:\c18v3.46\pic18-lt\cxx-framework\src\traditional\proc\p18f46k22.asm
               ECCPASbits   0x000fb6       data     extern E:\c18v3.46\pic18-lt\cxx-framework\src\traditional\proc\p18f46k22.asm
                    EEADR   0x000fa9       data     extern E:\c18v3.46\pic18-lt\cxx-framework\src\traditional\proc\p18f46k22.asm
                   EEADRH   0x000faa       data     extern E:\c18v3.46\pic18-lt\cxx-framework\src\traditional\proc\p18f46k22.asm
               EEADRHbits   0x000faa       data     extern E:\c18v3.46\pic18-lt\cxx-framework\src\traditional\proc\p18f46k22.asm
                EEADRbits   0x000fa9       data     extern E:\c18v3.46\pic18-lt\cxx-framework\src\traditional\proc\p18f46k22.asm
                   EECON1   0x000fa6       data     extern E:\c18v3.46\pic18-lt\cxx-framework\src\traditional\proc\p18f46k22.asm
               EECON1bits   0x000fa6       data     extern E:\c18v3.46\pic18-lt\cxx-framework\src\traditional\proc\p18f46k22.asm
                   EECON2   0x000fa7       data     extern E:\c18v3.46\pic18-lt\cxx-framework\src\traditional\proc\p18f46k22.asm
                   EEDATA   0x000fa8       data     extern E:\c18v3.46\pic18-lt\cxx-framework\src\traditional\proc\p18f46k22.asm
                     FSR0   0x000fe9       data     extern E:\c18v3.46\pic18-lt\cxx-framework\src\traditional\proc\p18f46k22.asm
                    FSR0H   0x000fea       data     extern E:\c18v3.46\pic18-lt\cxx-framework\src\traditional\proc\p18f46k22.asm
                    FSR0L   0x000fe9       data     extern E:\c18v3.46\pic18-lt\cxx-framework\src\traditional\proc\p18f46k22.asm
                     FSR1   0x000fe1       data     extern E:\c18v3.46\pic18-lt\cxx-framework\src\traditional\proc\p18f46k22.asm
                    FSR1H   0x000fe2       data     extern E:\c18v3.46\pic18-lt\cxx-framework\src\traditional\proc\p18f46k22.asm
                    FSR1L   0x000fe1       data     extern E:\c18v3.46\pic18-lt\cxx-framework\src\traditional\proc\p18f46k22.asm
                     FSR2   0x000fd9       data     extern E:\c18v3.46\pic18-lt\cxx-framework\src\traditional\proc\p18f46k22.asm
                    FSR2H   0x000fda       data     extern E:\c18v3.46\pic18-lt\cxx-framework\src\traditional\proc\p18f46k22.asm
                    FSR2L   0x000fd9       data     extern E:\c18v3.46\pic18-lt\cxx-framework\src\traditional\proc\p18f46k22.asm
                   FVRCON   0x000f42       data     extern E:\c18v3.46\pic18-lt\cxx-framework\src\traditional\proc\p18f46k22.asm
               FVRCONbits   0x000f42       data     extern E:\c18v3.46\pic18-lt\cxx-framework\src\traditional\proc\p18f46k22.asm
                  HLVDCON   0x000f9c       data     extern E:\c18v3.46\pic18-lt\cxx-framework\src\traditional\proc\p18f46k22.asm
              HLVDCONbits   0x000f9c       data     extern E:\c18v3.46\pic18-lt\cxx-framework\src\traditional\proc\p18f46k22.asm
                    INDF0   0x000fef       data     extern E:\c18v3.46\pic18-lt\cxx-framework\src\traditional\proc\p18f46k22.asm
                    INDF1   0x000fe7       data     extern E:\c18v3.46\pic18-lt\cxx-framework\src\traditional\proc\p18f46k22.asm
                    INDF2   0x000fdf       data     extern E:\c18v3.46\pic18-lt\cxx-framework\src\traditional\proc\p18f46k22.asm
                   INTCON   0x000ff2       data     extern E:\c18v3.46\pic18-lt\cxx-framework\src\traditional\proc\p18f46k22.asm
                  INTCON2   0x000ff1       data     extern E:\c18v3.46\pic18-lt\cxx-framework\src\traditional\proc\p18f46k22.asm
              INTCON2bits   0x000ff1       data     extern E:\c18v3.46\pic18-lt\cxx-framework\src\traditional\proc\p18f46k22.asm
                  INTCON3   0x000ff0       data     extern E:\c18v3.46\pic18-lt\cxx-framework\src\traditional\proc\p18f46k22.asm
              INTCON3bits   0x000ff0       data     extern E:\c18v3.46\pic18-lt\cxx-framework\src\traditional\proc\p18f46k22.asm
               INTCONbits   0x000ff2       data     extern E:\c18v3.46\pic18-lt\cxx-framework\src\traditional\proc\p18f46k22.asm
                     IOCB   0x000f62       data     extern E:\c18v3.46\pic18-lt\cxx-framework\src\traditional\proc\p18f46k22.asm
                 IOCBbits   0x000f62       data     extern E:\c18v3.46\pic18-lt\cxx-framework\src\traditional\proc\p18f46k22.asm
                     IPR1   0x000f9f       data     extern E:\c18v3.46\pic18-lt\cxx-framework\src\traditional\proc\p18f46k22.asm
                 IPR1bits   0x000f9f       data     extern E:\c18v3.46\pic18-lt\cxx-framework\src\traditional\proc\p18f46k22.asm
                     IPR2   0x000fa2       data     extern E:\c18v3.46\pic18-lt\cxx-framework\src\traditional\proc\p18f46k22.asm
                 IPR2bits   0x000fa2       data     extern E:\c18v3.46\pic18-lt\cxx-framework\src\traditional\proc\p18f46k22.asm
                     IPR3   0x000fa5       data     extern E:\c18v3.46\pic18-lt\cxx-framework\src\traditional\proc\p18f46k22.asm
                 IPR3bits   0x000fa5       data     extern E:\c18v3.46\pic18-lt\cxx-framework\src\traditional\proc\p18f46k22.asm
                     IPR4   0x000f7c       data     extern E:\c18v3.46\pic18-lt\cxx-framework\src\traditional\proc\p18f46k22.asm
                 IPR4bits   0x000f7c       data     extern E:\c18v3.46\pic18-lt\cxx-framework\src\traditional\proc\p18f46k22.asm
                     IPR5   0x000f7f       data     extern E:\c18v3.46\pic18-lt\cxx-framework\src\traditional\proc\p18f46k22.asm
                 IPR5bits   0x000f7f       data     extern E:\c18v3.46\pic18-lt\cxx-framework\src\traditional\proc\p18f46k22.asm
                     LATA   0x000f89       data     extern E:\c18v3.46\pic18-lt\cxx-framework\src\traditional\proc\p18f46k22.asm
                 LATAbits   0x000f89       data     extern E:\c18v3.46\pic18-lt\cxx-framework\src\traditional\proc\p18f46k22.asm
                     LATB   0x000f8a       data     extern E:\c18v3.46\pic18-lt\cxx-framework\src\traditional\proc\p18f46k22.asm
                 LATBbits   0x000f8a       data     extern E:\c18v3.46\pic18-lt\cxx-framework\src\traditional\proc\p18f46k22.asm
                     LATC   0x000f8b       data     extern E:\c18v3.46\pic18-lt\cxx-framework\src\traditional\proc\p18f46k22.asm
                 LATCbits   0x000f8b       data     extern E:\c18v3.46\pic18-lt\cxx-framework\src\traditional\proc\p18f46k22.asm
                     LATD   0x000f8c       data     extern E:\c18v3.46\pic18-lt\cxx-framework\src\traditional\proc\p18f46k22.asm
                 LATDbits   0x000f8c       data     extern E:\c18v3.46\pic18-lt\cxx-framework\src\traditional\proc\p18f46k22.asm
                     LATE   0x000f8d       data     extern E:\c18v3.46\pic18-lt\cxx-framework\src\traditional\proc\p18f46k22.asm
                 LATEbits   0x000f8d       data     extern E:\c18v3.46\pic18-lt\cxx-framework\src\traditional\proc\p18f46k22.asm
                   LVDCON   0x000f9c       data     extern E:\c18v3.46\pic18-lt\cxx-framework\src\traditional\proc\p18f46k22.asm
               LVDCONbits   0x000f9c       data     extern E:\c18v3.46\pic18-lt\cxx-framework\src\traditional\proc\p18f46k22.asm
                   OSCCON   0x000fd3       data     extern E:\c18v3.46\pic18-lt\cxx-framework\src\traditional\proc\p18f46k22.asm
                  OSCCON2   0x000fd2       data     extern E:\c18v3.46\pic18-lt\cxx-framework\src\traditional\proc\p18f46k22.asm
              OSCCON2bits   0x000fd2       data     extern E:\c18v3.46\pic18-lt\cxx-framework\src\traditional\proc\p18f46k22.asm
               OSCCONbits   0x000fd3       data     extern E:\c18v3.46\pic18-lt\cxx-framework\src\traditional\proc\p18f46k22.asm
                  OSCTUNE   0x000f9b       data     extern E:\c18v3.46\pic18-lt\cxx-framework\src\traditional\proc\p18f46k22.asm
              OSCTUNEbits   0x000f9b       data     extern E:\c18v3.46\pic18-lt\cxx-framework\src\traditional\proc\p18f46k22.asm
                       PC   0x000ff9       data     extern E:\c18v3.46\pic18-lt\cxx-framework\src\traditional\proc\p18f46k22.asm
                      PCL   0x000ff9       data     extern E:\c18v3.46\pic18-lt\cxx-framework\src\traditional\proc\p18f46k22.asm
                   PCLATH   0x000ffa       data     extern E:\c18v3.46\pic18-lt\cxx-framework\src\traditional\proc\p18f46k22.asm
                   PCLATU   0x000ffb       data     extern E:\c18v3.46\pic18-lt\cxx-framework\src\traditional\proc\p18f46k22.asm
                     PIE1   0x000f9d       data     extern E:\c18v3.46\pic18-lt\cxx-framework\src\traditional\proc\p18f46k22.asm
                 PIE1bits   0x000f9d       data     extern E:\c18v3.46\pic18-lt\cxx-framework\src\traditional\proc\p18f46k22.asm
                     PIE2   0x000fa0       data     extern E:\c18v3.46\pic18-lt\cxx-framework\src\traditional\proc\p18f46k22.asm
                 PIE2bits   0x000fa0       data     extern E:\c18v3.46\pic18-lt\cxx-framework\src\traditional\proc\p18f46k22.asm
                     PIE3   0x000fa3       data     extern E:\c18v3.46\pic18-lt\cxx-framework\src\traditional\proc\p18f46k22.asm
                 PIE3bits   0x000fa3       data     extern E:\c18v3.46\pic18-lt\cxx-framework\src\traditional\proc\p18f46k22.asm
                     PIE4   0x000f7a       data     extern E:\c18v3.46\pic18-lt\cxx-framework\src\traditional\proc\p18f46k22.asm
                 PIE4bits   0x000f7a       data     extern E:\c18v3.46\pic18-lt\cxx-framework\src\traditional\proc\p18f46k22.asm
                     PIE5   0x000f7d       data     extern E:\c18v3.46\pic18-lt\cxx-framework\src\traditional\proc\p18f46k22.asm
                 PIE5bits   0x000f7d       data     extern E:\c18v3.46\pic18-lt\cxx-framework\src\traditional\proc\p18f46k22.asm
                     PIR1   0x000f9e       data     extern E:\c18v3.46\pic18-lt\cxx-framework\src\traditional\proc\p18f46k22.asm
                 PIR1bits   0x000f9e       data     extern E:\c18v3.46\pic18-lt\cxx-framework\src\traditional\proc\p18f46k22.asm
                     PIR2   0x000fa1       data     extern E:\c18v3.46\pic18-lt\cxx-framework\src\traditional\proc\p18f46k22.asm
                 PIR2bits   0x000fa1       data     extern E:\c18v3.46\pic18-lt\cxx-framework\src\traditional\proc\p18f46k22.asm
                     PIR3   0x000fa4       data     extern E:\c18v3.46\pic18-lt\cxx-framework\src\traditional\proc\p18f46k22.asm
                 PIR3bits   0x000fa4       data     extern E:\c18v3.46\pic18-lt\cxx-framework\src\traditional\proc\p18f46k22.asm
                     PIR4   0x000f7b       data     extern E:\c18v3.46\pic18-lt\cxx-framework\src\traditional\proc\p18f46k22.asm
                 PIR4bits   0x000f7b       data     extern E:\c18v3.46\pic18-lt\cxx-framework\src\traditional\proc\p18f46k22.asm
                     PIR5   0x000f7e       data     extern E:\c18v3.46\pic18-lt\cxx-framework\src\traditional\proc\p18f46k22.asm
                 PIR5bits   0x000f7e       data     extern E:\c18v3.46\pic18-lt\cxx-framework\src\traditional\proc\p18f46k22.asm
                   PLUSW0   0x000feb       data     extern E:\c18v3.46\pic18-lt\cxx-framework\src\traditional\proc\p18f46k22.asm
                   PLUSW1   0x000fe3       data     extern E:\c18v3.46\pic18-lt\cxx-framework\src\traditional\proc\p18f46k22.asm
                   PLUSW2   0x000fdb       data     extern E:\c18v3.46\pic18-lt\cxx-framework\src\traditional\proc\p18f46k22.asm
                     PMD0   0x000f3f       data     extern E:\c18v3.46\pic18-lt\cxx-framework\src\traditional\proc\p18f46k22.asm
                 PMD0bits   0x000f3f       data     extern E:\c18v3.46\pic18-lt\cxx-framework\src\traditional\proc\p18f46k22.asm
                     PMD1   0x000f3e       data     extern E:\c18v3.46\pic18-lt\cxx-framework\src\traditional\proc\p18f46k22.asm
                 PMD1bits   0x000f3e       data     extern E:\c18v3.46\pic18-lt\cxx-framework\src\traditional\proc\p18f46k22.asm
                     PMD2   0x000f3d       data     extern E:\c18v3.46\pic18-lt\cxx-framework\src\traditional\proc\p18f46k22.asm
                 PMD2bits   0x000f3d       data     extern E:\c18v3.46\pic18-lt\cxx-framework\src\traditional\proc\p18f46k22.asm
                    PORTA   0x000f80       data     extern E:\c18v3.46\pic18-lt\cxx-framework\src\traditional\proc\p18f46k22.asm
                PORTAbits   0x000f80       data     extern E:\c18v3.46\pic18-lt\cxx-framework\src\traditional\proc\p18f46k22.asm
                    PORTB   0x000f81       data     extern E:\c18v3.46\pic18-lt\cxx-framework\src\traditional\proc\p18f46k22.asm
                PORTBbits   0x000f81       data     extern E:\c18v3.46\pic18-lt\cxx-framework\src\traditional\proc\p18f46k22.asm
                    PORTC   0x000f82       data     extern E:\c18v3.46\pic18-lt\cxx-framework\src\traditional\proc\p18f46k22.asm
                PORTCbits   0x000f82       data     extern E:\c18v3.46\pic18-lt\cxx-framework\src\traditional\proc\p18f46k22.asm
                    PORTD   0x000f83       data     extern E:\c18v3.46\pic18-lt\cxx-framework\src\traditional\proc\p18f46k22.asm
                PORTDbits   0x000f83       data     extern E:\c18v3.46\pic18-lt\cxx-framework\src\traditional\proc\p18f46k22.asm
                    PORTE   0x000f84       data     extern E:\c18v3.46\pic18-lt\cxx-framework\src\traditional\proc\p18f46k22.asm
                PORTEbits   0x000f84       data     extern E:\c18v3.46\pic18-lt\cxx-framework\src\traditional\proc\p18f46k22.asm
                 POSTDEC0   0x000fed       data     extern E:\c18v3.46\pic18-lt\cxx-framework\src\traditional\proc\p18f46k22.asm
                 POSTDEC1   0x000fe5       data     extern E:\c18v3.46\pic18-lt\cxx-framework\src\traditional\proc\p18f46k22.asm
                 POSTDEC2   0x000fdd       data     extern E:\c18v3.46\pic18-lt\cxx-framework\src\traditional\proc\p18f46k22.asm
                 POSTINC0   0x000fee       data     extern E:\c18v3.46\pic18-lt\cxx-framework\src\traditional\proc\p18f46k22.asm
                 POSTINC1   0x000fe6       data     extern E:\c18v3.46\pic18-lt\cxx-framework\src\traditional\proc\p18f46k22.asm
                 POSTINC2   0x000fde       data     extern E:\c18v3.46\pic18-lt\cxx-framework\src\traditional\proc\p18f46k22.asm
                      PR2   0x000fbb       data     extern E:\c18v3.46\pic18-lt\cxx-framework\src\traditional\proc\p18f46k22.asm
                      PR4   0x000f52       data     extern E:\c18v3.46\pic18-lt\cxx-framework\src\traditional\proc\p18f46k22.asm
                      PR6   0x000f4b       data     extern E:\c18v3.46\pic18-lt\cxx-framework\src\traditional\proc\p18f46k22.asm
                  PREINC0   0x000fec       data     extern E:\c18v3.46\pic18-lt\cxx-framework\src\traditional\proc\p18f46k22.asm
                  PREINC1   0x000fe4       data     extern E:\c18v3.46\pic18-lt\cxx-framework\src\traditional\proc\p18f46k22.asm
                  PREINC2   0x000fdc       data     extern E:\c18v3.46\pic18-lt\cxx-framework\src\traditional\proc\p18f46k22.asm
                     PROD   0x000ff3       data     extern E:\c18v3.46\pic18-lt\cxx-framework\src\traditional\proc\p18f46k22.asm
                    PRODH   0x000ff4       data     extern E:\c18v3.46\pic18-lt\cxx-framework\src\traditional\proc\p18f46k22.asm
                    PRODL   0x000ff3       data     extern E:\c18v3.46\pic18-lt\cxx-framework\src\traditional\proc\p18f46k22.asm
                 PSTR1CON   0x000fb9       data     extern E:\c18v3.46\pic18-lt\cxx-framework\src\traditional\proc\p18f46k22.asm
             PSTR1CONbits   0x000fb9       data     extern E:\c18v3.46\pic18-lt\cxx-framework\src\traditional\proc\p18f46k22.asm
                 PSTR2CON   0x000f63       data     extern E:\c18v3.46\pic18-lt\cxx-framework\src\traditional\proc\p18f46k22.asm
             PSTR2CONbits   0x000f63       data     extern E:\c18v3.46\pic18-lt\cxx-framework\src\traditional\proc\p18f46k22.asm
                 PSTR3CON   0x000f5a       data     extern E:\c18v3.46\pic18-lt\cxx-framework\src\traditional\proc\p18f46k22.asm
             PSTR3CONbits   0x000f5a       data     extern E:\c18v3.46\pic18-lt\cxx-framework\src\traditional\proc\p18f46k22.asm
                  PSTRCON   0x000fb9       data     extern E:\c18v3.46\pic18-lt\cxx-framework\src\traditional\proc\p18f46k22.asm
              PSTRCONbits   0x000fb9       data     extern E:\c18v3.46\pic18-lt\cxx-framework\src\traditional\proc\p18f46k22.asm
                  PWM1CON   0x000fb7       data     extern E:\c18v3.46\pic18-lt\cxx-framework\src\traditional\proc\p18f46k22.asm
              PWM1CONbits   0x000fb7       data     extern E:\c18v3.46\pic18-lt\cxx-framework\src\traditional\proc\p18f46k22.asm
                  PWM2CON   0x000f65       data     extern E:\c18v3.46\pic18-lt\cxx-framework\src\traditional\proc\p18f46k22.asm
              PWM2CONbits   0x000f65       data     extern E:\c18v3.46\pic18-lt\cxx-framework\src\traditional\proc\p18f46k22.asm
                  PWM3CON   0x000f5c       data     extern E:\c18v3.46\pic18-lt\cxx-framework\src\traditional\proc\p18f46k22.asm
              PWM3CONbits   0x000f5c       data     extern E:\c18v3.46\pic18-lt\cxx-framework\src\traditional\proc\p18f46k22.asm
                   PWMCON   0x000fb7       data     extern E:\c18v3.46\pic18-lt\cxx-framework\src\traditional\proc\p18f46k22.asm
               PWMCONbits   0x000fb7       data     extern E:\c18v3.46\pic18-lt\cxx-framework\src\traditional\proc\p18f46k22.asm
                   RC1REG   0x000fae       data     extern E:\c18v3.46\pic18-lt\cxx-framework\src\traditional\proc\p18f46k22.asm
               RC1REGbits   0x000fae       data     extern E:\c18v3.46\pic18-lt\cxx-framework\src\traditional\proc\p18f46k22.asm
                   RC1STA   0x000fab       data     extern E:\c18v3.46\pic18-lt\cxx-framework\src\traditional\proc\p18f46k22.asm
               RC1STAbits   0x000fab       data     extern E:\c18v3.46\pic18-lt\cxx-framework\src\traditional\proc\p18f46k22.asm
                   RC2REG   0x000f74       data     extern E:\c18v3.46\pic18-lt\cxx-framework\src\traditional\proc\p18f46k22.asm
                   RC2STA   0x000f71       data     extern E:\c18v3.46\pic18-lt\cxx-framework\src\traditional\proc\p18f46k22.asm
               RC2STAbits   0x000f71       data     extern E:\c18v3.46\pic18-lt\cxx-framework\src\traditional\proc\p18f46k22.asm
                     RCON   0x000fd0       data     extern E:\c18v3.46\pic18-lt\cxx-framework\src\traditional\proc\p18f46k22.asm
                 RCONbits   0x000fd0       data     extern E:\c18v3.46\pic18-lt\cxx-framework\src\traditional\proc\p18f46k22.asm
                    RCREG   0x000fae       data     extern E:\c18v3.46\pic18-lt\cxx-framework\src\traditional\proc\p18f46k22.asm
                   RCREG1   0x000fae       data     extern E:\c18v3.46\pic18-lt\cxx-framework\src\traditional\proc\p18f46k22.asm
[...]
                   SP1BRG   0x000faf       data     extern E:\c18v3.46\pic18-lt\cxx-framework\src\traditional\proc\p18f46k22.asm
               SPBRG1bits   0x000faf       data     extern E:\c18v3.46\pic18-lt\cxx-framework\src\traditional\proc\p18f46k22.asm
                   SPBRG1   0x000faf       data     extern E:\c18v3.46\pic18-lt\cxx-framework\src\traditional\proc\p18f46k22.asm
                    SPBRG   0x000faf       data     extern E:\c18v3.46\pic18-lt\cxx-framework\src\traditional\proc\p18f46k22.asm
               SP1BRGbits   0x000faf       data     extern E:\c18v3.46\pic18-lt\cxx-framework\src\traditional\proc\p18f46k22.asm
                  SP1BRGH   0x000fb0       data     extern E:\c18v3.46\pic18-lt\cxx-framework\src\traditional\proc\p18f46k22.asm
              SP1BRGHbits   0x000fb0       data     extern E:\c18v3.46\pic18-lt\cxx-framework\src\traditional\proc\p18f46k22.asm
                   SPBRGH   0x000fb0       data     extern E:\c18v3.46\pic18-lt\cxx-framework\src\traditional\proc\p18f46k22.asm
                  SPBRGH1   0x000fb0       data     extern E:\c18v3.46\pic18-lt\cxx-framework\src\traditional\proc\p18f46k22.asm
              SPBRGH1bits   0x000fb0       data     extern E:\c18v3.46\pic18-lt\cxx-framework\src\traditional\proc\p18f46k22.asm
               SPBRGHbits   0x000fb0       data     extern E:\c18v3.46\pic18-lt\cxx-framework\src\traditional\proc\p18f46k22.asm
                    T3CON   0x000fb1       data     extern E:\c18v3.46\pic18-lt\cxx-framework\src\traditional\proc\p18f46k22.asm
                T3CONbits   0x000fb1       data     extern E:\c18v3.46\pic18-lt\cxx-framework\src\traditional\proc\p18f46k22.asm
                    TMR3L   0x000fb2       data     extern E:\c18v3.46\pic18-lt\cxx-framework\src\traditional\proc\p18f46k22.asm
                    TMR3H   0x000fb3       data     extern E:\c18v3.46\pic18-lt\cxx-framework\src\traditional\proc\p18f46k22.asm
                   T3GCON   0x000fb4       data     extern E:\c18v3.46\pic18-lt\cxx-framework\src\traditional\proc\p18f46k22.asm
               T3GCONbits   0x000fb4       data     extern E:\c18v3.46\pic18-lt\cxx-framework\src\traditional\proc\p18f46k22.asm
                   ECCPAS   0x000fb6       data     extern E:\c18v3.46\pic18-lt\cxx-framework\src\traditional\proc\p18f46k22.asm
               ECCPASbits   0x000fb6       data     extern E:\c18v3.46\pic18-lt\cxx-framework\src\traditional\proc\p18f46k22.asm
              ECCP1ASbits   0x000fb6       data     extern E:\c18v3.46\pic18-lt\cxx-framework\src\traditional\proc\p18f46k22.asm
                  ECCP1AS   0x000fb6       data     extern E:\c18v3.46\pic18-lt\cxx-framework\src\traditional\proc\p18f46k22.asm
                  PWM1CON   0x000fb7       data     extern E:\c18v3.46\pic18-lt\cxx-framework\src\traditional\proc\p18f46k22.asm
              PWM1CONbits   0x000fb7       data     extern E:\c18v3.46\pic18-lt\cxx-framework\src\traditional\proc\p18f46k22.asm
                   PWMCON   0x000fb7       data     extern E:\c18v3.46\pic18-lt\cxx-framework\src\traditional\proc\p18f46k22.asm
               PWMCONbits   0x000fb7       data     extern E:\c18v3.46\pic18-lt\cxx-framework\src\traditional\proc\p18f46k22.asm
                 BAUD1CON   0x000fb8       data     extern E:\c18v3.46\pic18-lt\cxx-framework\src\traditional\proc\p18f46k22.asm
             BAUD1CONbits   0x000fb8       data     extern E:\c18v3.46\pic18-lt\cxx-framework\src\traditional\proc\p18f46k22.asm
                  BAUDCON   0x000fb8       data     extern E:\c18v3.46\pic18-lt\cxx-framework\src\traditional\proc\p18f46k22.asm
                 BAUDCON1   0x000fb8       data     extern E:\c18v3.46\pic18-lt\cxx-framework\src\traditional\proc\p18f46k22.asm
             BAUDCON1bits   0x000fb8       data     extern E:\c18v3.46\pic18-lt\cxx-framework\src\traditional\proc\p18f46k22.asm
              BAUDCONbits   0x000fb8       data     extern E:\c18v3.46\pic18-lt\cxx-framework\src\traditional\proc\p18f46k22.asm
                  BAUDCTL   0x000fb8       data     extern E:\c18v3.46\pic18-lt\cxx-framework\src\traditional\proc\p18f46k22.asm
              BAUDCTLbits   0x000fb8       data     extern E:\c18v3.46\pic18-lt\cxx-framework\src\traditional\proc\p18f46k22.asm
              PSTRCONbits   0x000fb9       data     extern E:\c18v3.46\pic18-lt\cxx-framework\src\traditional\proc\p18f46k22.asm
                  PSTRCON   0x000fb9       data     extern E:\c18v3.46\pic18-lt\cxx-framework\src\traditional\proc\p18f46k22.asm
             PSTR1CONbits   0x000fb9       data     extern E:\c18v3.46\pic18-lt\cxx-framework\src\traditional\proc\p18f46k22.asm
                 PSTR1CON   0x000fb9       data     extern E:\c18v3.46\pic18-lt\cxx-framework\src\traditional\proc\p18f46k22.asm
                T2CONbits   0x000fba       data     extern E:\c18v3.46\pic18-lt\cxx-framework\src\traditional\proc\p18f46k22.asm
                    T2CON   0x000fba       data     extern E:\c18v3.46\pic18-lt\cxx-framework\src\traditional\proc\p18f46k22.asm
                      PR2   0x000fbb       data     extern E:\c18v3.46\pic18-lt\cxx-framework\src\traditional\proc\p18f46k22.asm
                     TMR2   0x000fbc       data     extern E:\c18v3.46\pic18-lt\cxx-framework\src\traditional\proc\p18f46k22.asm
                  CCP1CON   0x000fbd       data     extern E:\c18v3.46\pic18-lt\cxx-framework\src\traditional\proc\p18f46k22.asm
              CCP1CONbits   0x000fbd       data     extern E:\c18v3.46\pic18-lt\cxx-framework\src\traditional\proc\p18f46k22.asm
                    CCPR1   0x000fbe       data     extern E:\c18v3.46\pic18-lt\cxx-framework\src\traditional\proc\p18f46k22.asm
                   CCPR1L   0x000fbe       data     extern E:\c18v3.46\pic18-lt\cxx-framework\src\traditional\proc\p18f46k22.asm
                   CCPR1H   0x000fbf       data     extern E:\c18v3.46\pic18-lt\cxx-framework\src\traditional\proc\p18f46k22.asm
               ADCON2bits   0x000fc0       data     extern E:\c18v3.46\pic18-lt\cxx-framework\src\traditional\proc\p18f46k22.asm
                   ADCON2   0x000fc0       data     extern E:\c18v3.46\pic18-lt\cxx-framework\src\traditional\proc\p18f46k22.asm
               ADCON1bits   0x000fc1       data     extern E:\c18v3.46\pic18-lt\cxx-framework\src\traditional\proc\p18f46k22.asm
                   ADCON1   0x000fc1       data     extern E:\c18v3.46\pic18-lt\cxx-framework\src\traditional\proc\p18f46k22.asm
               ADCON0bits   0x000fc2       data     extern E:\c18v3.46\pic18-lt\cxx-framework\src\traditional\proc\p18f46k22.asm
                   ADCON0   0x000fc2       data     extern E:\c18v3.46\pic18-lt\cxx-framework\src\traditional\proc\p18f46k22.asm
                   ADRESL   0x000fc3       data     extern E:\c18v3.46\pic18-lt\cxx-framework\src\traditional\proc\p18f46k22.asm
                    ADRES   0x000fc3       data     extern E:\c18v3.46\pic18-lt\cxx-framework\src\traditional\proc\p18f46k22.asm
                   ADRESH   0x000fc4       data     extern E:\c18v3.46\pic18-lt\cxx-framework\src\traditional\proc\p18f46k22.asm
                 SSP1CON2   0x000fc5       data     extern E:\c18v3.46\pic18-lt\cxx-framework\src\traditional\proc\p18f46k22.asm
             SSP1CON2bits   0x000fc5       data     extern E:\c18v3.46\pic18-lt\cxx-framework\src\traditional\proc\p18f46k22.asm
                  SSPCON2   0x000fc5       data     extern E:\c18v3.46\pic18-lt\cxx-framework\src\traditional\proc\p18f46k22.asm
              SSPCON2bits   0x000fc5       data     extern E:\c18v3.46\pic18-lt\cxx-framework\src\traditional\proc\p18f46k22.asm
                 SSP1CON1   0x000fc6       data     extern E:\c18v3.46\pic18-lt\cxx-framework\src\traditional\proc\p18f46k22.asm
             SSP1CON1bits   0x000fc6       data     extern E:\c18v3.46\pic18-lt\cxx-framework\src\traditional\proc\p18f46k22.asm
                  SSPCON1   0x000fc6       data     extern E:\c18v3.46\pic18-lt\cxx-framework\src\traditional\proc\p18f46k22.asm
              SSPCON1bits   0x000fc6       data     extern E:\c18v3.46\pic18-lt\cxx-framework\src\traditional\proc\p18f46k22.asm
                 SSP1STAT   0x000fc7       data     extern E:\c18v3.46\pic18-lt\cxx-framework\src\traditional\proc\p18f46k22.asm
             SSP1STATbits   0x000fc7       data     extern E:\c18v3.46\pic18-lt\cxx-framework\src\traditional\proc\p18f46k22.asm
                  SSPSTAT   0x000fc7       data     extern E:\c18v3.46\pic18-lt\cxx-framework\src\traditional\proc\p18f46k22.asm
              SSPSTATbits   0x000fc7       data     extern E:\c18v3.46\pic18-lt\cxx-framework\src\traditional\proc\p18f46k22.asm
               SSPADDbits   0x000fc8       data     extern E:\c18v3.46\pic18-lt\cxx-framework\src\traditional\proc\p18f46k22.asm
                  SSP1ADD   0x000fc8       data     extern E:\c18v3.46\pic18-lt\cxx-framework\src\traditional\proc\p18f46k22.asm
              SSP1ADDbits   0x000fc8       data     extern E:\c18v3.46\pic18-lt\cxx-framework\src\traditional\proc\p18f46k22.asm
                   SSPADD   0x000fc8       data     extern E:\c18v3.46\pic18-lt\cxx-framework\src\traditional\proc\p18f46k22.asm
               SSPBUFbits   0x000fc9       data     extern E:\c18v3.46\pic18-lt\cxx-framework\src\traditional\proc\p18f46k22.asm
                   SSPBUF   0x000fc9       data     extern E:\c18v3.46\pic18-lt\cxx-framework\src\traditional\proc\p18f46k22.asm
                  SSP1BUF   0x000fc9       data     extern E:\c18v3.46\pic18-lt\cxx-framework\src\traditional\proc\p18f46k22.asm
              SSP1BUFbits   0x000fc9       data     extern E:\c18v3.46\pic18-lt\cxx-framework\src\traditional\proc\p18f46k22.asm
              SSP1MSKbits   0x000fca       data     extern E:\c18v3.46\pic18-lt\cxx-framework\src\traditional\proc\p18f46k22.asm
                  SSP1MSK   0x000fca       data     extern E:\c18v3.46\pic18-lt\cxx-framework\src\traditional\proc\p18f46k22.asm
                   SSPMSK   0x000fca       data     extern E:\c18v3.46\pic18-lt\cxx-framework\src\traditional\proc\p18f46k22.asm
               SSPMSKbits   0x000fca       data     extern E:\c18v3.46\pic18-lt\cxx-framework\src\traditional\proc\p18f46k22.asm
             SSP1CON3bits   0x000fcb       data     extern E:\c18v3.46\pic18-lt\cxx-framework\src\traditional\proc\p18f46k22.asm
                 SSP1CON3   0x000fcb       data     extern E:\c18v3.46\pic18-lt\cxx-framework\src\traditional\proc\p18f46k22.asm
              SSPCON3bits   0x000fcb       data     extern E:\c18v3.46\pic18-lt\cxx-framework\src\traditional\proc\p18f46k22.asm
                  SSPCON3   0x000fcb       data     extern E:\c18v3.46\pic18-lt\cxx-framework\src\traditional\proc\p18f46k22.asm
               T1GCONbits   0x000fcc       data     extern E:\c18v3.46\pic18-lt\cxx-framework\src\traditional\proc\p18f46k22.asm
                   T1GCON   0x000fcc       data     extern E:\c18v3.46\pic18-lt\cxx-framework\src\traditional\proc\p18f46k22.asm
                    T1CON   0x000fcd       data     extern E:\c18v3.46\pic18-lt\cxx-framework\src\traditional\proc\p18f46k22.asm
                T1CONbits   0x000fcd       data     extern E:\c18v3.46\pic18-lt\cxx-framework\src\traditional\proc\p18f46k22.asm
                    TMR1L   0x000fce       data     extern E:\c18v3.46\pic18-lt\cxx-framework\src\traditional\proc\p18f46k22.asm
                    TMR1H   0x000fcf       data     extern E:\c18v3.46\pic18-lt\cxx-framework\src\traditional\proc\p18f46k22.asm
                 RCONbits   0x000fd0       data     extern E:\c18v3.46\pic18-lt\cxx-framework\src\traditional\proc\p18f46k22.asm
                     RCON   0x000fd0       data     extern E:\c18v3.46\pic18-lt\cxx-framework\src\traditional\proc\p18f46k22.asm
               WDTCONbits   0x000fd1       data     extern E:\c18v3.46\pic18-lt\cxx-framework\src\traditional\proc\p18f46k22.asm
                   WDTCON   0x000fd1       data     extern E:\c18v3.46\pic18-lt\cxx-framework\src\traditional\proc\p18f46k22.asm
                  OSCCON2   0x000fd2       data     extern E:\c18v3.46\pic18-lt\cxx-framework\src\traditional\proc\p18f46k22.asm
              OSCCON2bits   0x000fd2       data     extern E:\c18v3.46\pic18-lt\cxx-framework\src\traditional\proc\p18f46k22.asm
               OSCCONbits   0x000fd3       data     extern E:\c18v3.46\pic18-lt\cxx-framework\src\traditional\proc\p18f46k22.asm
                   OSCCON   0x000fd3       data     extern E:\c18v3.46\pic18-lt\cxx-framework\src\traditional\proc\p18f46k22.asm
                T0CONbits   0x000fd5       data     extern E:\c18v3.46\pic18-lt\cxx-framework\src\traditional\proc\p18f46k22.asm
                    T0CON   0x000fd5       data     extern E:\c18v3.46\pic18-lt\cxx-framework\src\traditional\proc\p18f46k22.asm
                    TMR0L   0x000fd6       data     extern E:\c18v3.46\pic18-lt\cxx-framework\src\traditional\proc\p18f46k22.asm
                    TMR0H   0x000fd7       data     extern E:\c18v3.46\pic18-lt\cxx-framework\src\traditional\proc\p18f46k22.asm
                   STATUS   0x000fd8       data     extern E:\c18v3.46\pic18-lt\cxx-framework\src\traditional\proc\p18f46k22.asm
               STATUSbits   0x000fd8       data     extern E:\c18v3.46\pic18-lt\cxx-framework\src\traditional\proc\p18f46k22.asm
                    FSR2L   0x000fd9       data     extern E:\c18v3.46\pic18-lt\cxx-framework\src\traditional\proc\p18f46k22.asm
                     FSR2   0x000fd9       data     extern E:\c18v3.46\pic18-lt\cxx-framework\src\traditional\proc\p18f46k22.asm
                    FSR2H   0x000fda       data     extern E:\c18v3.46\pic18-lt\cxx-framework\src\traditional\proc\p18f46k22.asm
                   PLUSW2   0x000fdb       data     extern E:\c18v3.46\pic18-lt\cxx-framework\src\traditional\proc\p18f46k22.asm
                  PREINC2   0x000fdc       data     extern E:\c18v3.46\pic18-lt\cxx-framework\src\traditional\proc\p18f46k22.asm
                 POSTDEC2   0x000fdd       data     extern E:\c18v3.46\pic18-lt\cxx-framework\src\traditional\proc\p18f46k22.asm
                 POSTINC2   0x000fde       data     extern E:\c18v3.46\pic18-lt\cxx-framework\src\traditional\proc\p18f46k22.asm
                    INDF2   0x000fdf       data     extern E:\c18v3.46\pic18-lt\cxx-framework\src\traditional\proc\p18f46k22.asm
                      BSR   0x000fe0       data     extern E:\c18v3.46\pic18-lt\cxx-framework\src\traditional\proc\p18f46k22.asm
                     FSR1   0x000fe1       data     extern E:\c18v3.46\pic18-lt\cxx-framework\src\traditional\proc\p18f46k22.asm
                    FSR1L   0x000fe1       data     extern E:\c18v3.46\pic18-lt\cxx-framework\src\traditional\proc\p18f46k22.asm
                    FSR1H   0x000fe2       data     extern E:\c18v3.46\pic18-lt\cxx-framework\src\traditional\proc\p18f46k22.asm
                   PLUSW1   0x000fe3       data     extern E:\c18v3.46\pic18-lt\cxx-framework\src\traditional\proc\p18f46k22.asm
                  PREINC1   0x000fe4       data     extern E:\c18v3.46\pic18-lt\cxx-framework\src\traditional\proc\p18f46k22.asm
                 POSTDEC1   0x000fe5       data     extern E:\c18v3.46\pic18-lt\cxx-framework\src\traditional\proc\p18f46k22.asm
                 POSTINC1   0x000fe6       data     extern E:\c18v3.46\pic18-lt\cxx-framework\src\traditional\proc\p18f46k22.asm
                    INDF1   0x000fe7       data     extern E:\c18v3.46\pic18-lt\cxx-framework\src\traditional\proc\p18f46k22.asm
                     WREG   0x000fe8       data     extern E:\c18v3.46\pic18-lt\cxx-framework\src\traditional\proc\p18f46k22.asm
                        W   0x000fe8       data     extern E:\c18v3.46\pic18-lt\cxx-framework\src\traditional\proc\p18f46k22.asm
                     FSR0   0x000fe9       data     extern E:\c18v3.46\pic18-lt\cxx-framework\src\traditional\proc\p18f46k22.asm
                    FSR0L   0x000fe9       data     extern E:\c18v3.46\pic18-lt\cxx-framework\src\traditional\proc\p18f46k22.asm
                    FSR0H   0x000fea       data     extern E:\c18v3.46\pic18-lt\cxx-framework\src\traditional\proc\p18f46k22.asm
                   PLUSW0   0x000feb       data     extern E:\c18v3.46\pic18-lt\cxx-framework\src\traditional\proc\p18f46k22.asm
                  PREINC0   0x000fec       data     extern E:\c18v3.46\pic18-lt\cxx-framework\src\traditional\proc\p18f46k22.asm
                 POSTDEC0   0x000fed       data     extern E:\c18v3.46\pic18-lt\cxx-framework\src\traditional\proc\p18f46k22.asm
                 POSTINC0   0x000fee       data     extern E:\c18v3.46\pic18-lt\cxx-framework\src\traditional\proc\p18f46k22.asm
                    INDF0   0x000fef       data     extern E:\c18v3.46\pic18-lt\cxx-framework\src\traditional\proc\p18f46k22.asm
              INTCON3bits   0x000ff0       data     extern E:\c18v3.46\pic18-lt\cxx-framework\src\traditional\proc\p18f46k22.asm
                  INTCON3   0x000ff0       data     extern E:\c18v3.46\pic18-lt\cxx-framework\src\traditional\proc\p18f46k22.asm
              INTCON2bits   0x000ff1       data     extern E:\c18v3.46\pic18-lt\cxx-framework\src\traditional\proc\p18f46k22.asm
                  INTCON2   0x000ff1       data     extern E:\c18v3.46\pic18-lt\cxx-framework\src\traditional\proc\p18f46k22.asm
               INTCONbits   0x000ff2       data     extern E:\c18v3.46\pic18-lt\cxx-framework\src\traditional\proc\p18f46k22.asm
                   INTCON   0x000ff2       data     extern E:\c18v3.46\pic18-lt\cxx-framework\src\traditional\proc\p18f46k22.asm
                     PROD   0x000ff3       data     extern E:\c18v3.46\pic18-lt\cxx-framework\src\traditional\proc\p18f46k22.asm
                    PRODL   0x000ff3       data     extern E:\c18v3.46\pic18-lt\cxx-framework\src\traditional\proc\p18f46k22.asm
                    PRODH   0x000ff4       data     extern E:\c18v3.46\pic18-lt\cxx-framework\src\traditional\proc\p18f46k22.asm
                   TABLAT   0x000ff5       data     extern E:\c18v3.46\pic18-lt\cxx-framework\src\traditional\proc\p18f46k22.asm
                   TBLPTR   0x000ff6       data     extern E:\c18v3.46\pic18-lt\cxx-framework\src\traditional\proc\p18f46k22.asm
                  TBLPTRL   0x000ff6       data     extern E:\c18v3.46\pic18-lt\cxx-framework\src\traditional\proc\p18f46k22.asm
                  TBLPTRH   0x000ff7       data     extern E:\c18v3.46\pic18-lt\cxx-framework\src\traditional\proc\p18f46k22.asm
              TBLPTRUbits   0x000ff8       data     extern E:\c18v3.46\pic18-lt\cxx-framework\src\traditional\proc\p18f46k22.asm
                  TBLPTRU   0x000ff8       data     extern E:\c18v3.46\pic18-lt\cxx-framework\src\traditional\proc\p18f46k22.asm
                      PCL   0x000ff9       data     extern E:\c18v3.46\pic18-lt\cxx-framework\src\traditional\proc\p18f46k22.asm
                       PC   0x000ff9       data     extern E:\c18v3.46\pic18-lt\cxx-framework\src\traditional\proc\p18f46k22.asm
                   PCLATH   0x000ffa       data     extern E:\c18v3.46\pic18-lt\cxx-framework\src\traditional\proc\p18f46k22.asm
                   PCLATU   0x000ffb       data     extern E:\c18v3.46\pic18-lt\cxx-framework\src\traditional\proc\p18f46k22.asm
                   STKPTR   0x000ffc       data     extern E:\c18v3.46\pic18-lt\cxx-framework\src\traditional\proc\p18f46k22.asm
               STKPTRbits   0x000ffc       data     extern E:\c18v3.46\pic18-lt\cxx-framework\src\traditional\proc\p18f46k22.asm
                      TOS   0x000ffd       data     extern E:\c18v3.46\pic18-lt\cxx-framework\src\traditional\proc\p18f46k22.asm
                     TOSL   0x000ffd       data     extern E:\c18v3.46\pic18-lt\cxx-framework\src\traditional\proc\p18f46k22.asm
                     TOSH   0x000ffe       data     extern E:\c18v3.46\pic18-lt\cxx-framework\src\traditional\proc\p18f46k22.asm
                     TOSU   0x000fff       data     extern E:\c18v3.46\pic18-lt\cxx-framework\src\traditional\proc\p18f46k22.asm


